// Vitest Snapshot v1, https://vitest.dev/guide/snapshot.html

exports[`parser output characterization snapshots > keeps Tsudanuma golden output for tsudanuma-single-block 1`] = `
[
  {
    "date": "2026-06-29",
    "menuItems": [
      {
        "category": "koudai_teishoku",
        "categoryLabel": "工大定食",
        "confidence": 0.9,
        "name": "唐揚 マヨネーズ添え",
        "nameLines": [
          "唐揚",
          "マヨネーズ添え",
        ],
        "priceText": "<工大350>",
        "priceYen": 350,
        "warnings": [],
      },
      {
        "category": "koudai_teishoku",
        "categoryLabel": "工大定食",
        "confidence": 0.9,
        "name": "ヒレカツ",
        "nameLines": [
          "ヒレカツ",
        ],
        "priceText": "<工大350>",
        "priceYen": 350,
        "warnings": [],
      },
      {
        "category": "koudai_teishoku",
        "categoryLabel": "工大定食",
        "confidence": 0.9,
        "name": "ビビンバ丼",
        "nameLines": [
          "ビビンバ丼",
        ],
        "priceText": "<工大300>",
        "priceYen": 300,
        "warnings": [],
      },
      {
        "category": "asa_teishoku",
        "categoryLabel": "朝定食",
        "confidence": 0.9,
        "name": "ソースチキンカツ丼 サラダ",
        "nameLines": [
          "ソースチキンカツ丼",
          "サラダ",
        ],
        "priceText": "¥300",
        "priceYen": 300,
        "warnings": [],
      },
      {
        "category": "higawari_salad",
        "categoryLabel": "日替りサラダ",
        "confidence": 0.9,
        "name": "ツナとアボカド",
        "nameLines": [
          "ツナとアボカド",
        ],
        "priceText": "¥150",
        "priceYen": 150,
        "warnings": [],
      },
      {
        "category": "gourmet_curry",
        "categoryLabel": "グルメカレー",
        "confidence": 0.9,
        "name": "温玉&粉チーズ",
        "nameLines": [
          "温玉&粉チーズ",
        ],
        "priceText": "¥350",
        "priceYen": 350,
        "warnings": [],
      },
      {
        "category": "men_corner",
        "categoryLabel": "日替りラーメン",
        "confidence": 0.9,
        "name": "パーコー麺",
        "nameLines": [
          "パーコー麺",
        ],
        "priceText": "¥400",
        "priceYen": 400,
        "warnings": [],
      },
      {
        "category": "men_corner",
        "categoryLabel": "ラーメン",
        "confidence": 0.9,
        "name": "味噌",
        "nameLines": [
          "味噌",
        ],
        "priceText": "ラーメン\\350",
        "priceYen": 350,
        "warnings": [
          "name_may_be_incomplete",
        ],
      },
      {
        "category": "keishoku_pasta",
        "categoryLabel": "今日のパスタ",
        "confidence": 0.9,
        "name": "イカ明太",
        "nameLines": [
          "イカ明太",
        ],
        "priceText": "¥300",
        "priceYen": 300,
        "warnings": [],
      },
      {
        "category": "yu_teishoku",
        "categoryLabel": "夕定食",
        "confidence": 0.9,
        "name": "シューマイ定食",
        "nameLines": [
          "シューマイ定食",
        ],
        "priceText": "¥300",
        "priceYen": 300,
        "warnings": [],
      },
    ],
    "menuText": {
      "lines": [
        "ソースチキンカツ丼",
        "サラダ",
        "<工大350>",
        "唐揚",
        "マヨネーズ添え",
        "<工大350>",
        "ヒレカツ",
        "<工大300>",
        "ビビンバ丼",
        "ツナとアボカド",
        "温玉&粉チーズ",
        "パーコー麺",
        "味噌",
        "イカ明太",
        "シューマイ定食",
      ],
    },
    "parser": {
      "warnings": [],
    },
    "status": "ok",
    "unassignedLines": [],
  },
  {
    "date": "2026-06-30",
    "menuItems": [
      {
        "category": "koudai_teishoku",
        "categoryLabel": "工大定食",
        "confidence": 0.9,
        "name": "ポークチャップ エビフライ タルタルソース",
        "nameLines": [
          "ポークチャップ",
          "エビフライ",
          "タルタルソース",
        ],
        "priceText": "<工大400>",
        "priceYen": 400,
        "warnings": [],
      },
      {
        "category": "koudai_teishoku",
        "categoryLabel": "工大定食",
        "confidence": 0.9,
        "name": "唐揚 ジンジャーソース",
        "nameLines": [
          "唐揚",
          "ジンジャーソース",
        ],
        "priceText": "<工大350>",
        "priceYen": 350,
        "warnings": [],
      },
      {
        "category": "koudai_teishoku",
        "categoryLabel": "工大定食",
        "confidence": 0.9,
        "name": "温玉のせ やきとり丼",
        "nameLines": [
          "温玉のせ",
          "やきとり丼",
        ],
        "priceText": "<工大350>",
        "priceYen": 350,
        "warnings": [],
      },
      {
        "category": "koudai_teishoku",
        "categoryLabel": "工大定食",
        "confidence": 0.9,
        "name": "メンチカツ",
        "nameLines": [
          "メンチカツ",
        ],
        "priceText": "<工大300>",
        "priceYen": 300,
        "warnings": [],
      },
      {
        "category": "asa_teishoku",
        "categoryLabel": "朝定食",
        "confidence": 0.9,
        "name": "豚の照焼き丼 サラダ",
        "nameLines": [
          "豚の照焼き丼",
          "サラダ",
        ],
        "priceText": "¥300",
        "priceYen": 300,
        "warnings": [],
      },
      {
        "category": "higawari_salad",
        "categoryLabel": "日替りサラダ",
        "confidence": 0.9,
        "name": "とりムネと パプリカ",
        "nameLines": [
          "とりムネと",
          "パプリカ",
        ],
        "priceText": "¥150",
        "priceYen": 150,
        "warnings": [],
      },
      {
        "category": "gourmet_curry",
        "categoryLabel": "グルメカレー",
        "confidence": 0.9,
        "name": "ハムステーキ",
        "nameLines": [
          "ハムステーキ",
        ],
        "priceText": "¥350",
        "priceYen": 350,
        "warnings": [],
      },
      {
        "category": "men_corner",
        "categoryLabel": "日替りラーメン",
        "confidence": 0.9,
        "name": "辛ラーメン",
        "nameLines": [
          "辛ラーメン",
        ],
        "priceText": "¥400",
        "priceYen": 400,
        "warnings": [],
      },
      {
        "category": "men_corner",
        "categoryLabel": "ラーメン",
        "confidence": 0.9,
        "name": "塩",
        "nameLines": [
          "塩",
        ],
        "priceText": "ラーメン\\350",
        "priceYen": 350,
        "warnings": [
          "name_may_be_incomplete",
        ],
      },
      {
        "category": "keishoku_pasta",
        "categoryLabel": "今日のパスタ",
        "confidence": 0.9,
        "name": "ぺぺたま",
        "nameLines": [
          "ぺぺたま",
        ],
        "priceText": "¥300",
        "priceYen": 300,
        "warnings": [],
      },
      {
        "category": "yu_teishoku",
        "categoryLabel": "夕定食",
        "confidence": 0.9,
        "name": "親子丼",
        "nameLines": [
          "親子丼",
        ],
        "priceText": "¥300",
        "priceYen": 300,
        "warnings": [],
      },
    ],
    "menuText": {
      "lines": [
        "豚の照焼き丼",
        "サラダ",
        "<工大400>",
        "ポークチャップ",
        "エビフライ",
        "タルタルソース",
        "<工大350>",
        "唐揚",
        "ジンジャーソース",
        "<工大350>",
        "温玉のせ",
        "やきとり丼",
        "<工大300>",
        "メンチカツ",
        "とりムネと",
        "パプリカ",
        "ハムステーキ",
        "辛ラーメン",
        "塩",
        "ぺぺたま",
        "親子丼",
      ],
    },
    "parser": {
      "warnings": [],
    },
    "status": "ok",
    "unassignedLines": [],
  },
  {
    "date": "2026-07-01",
    "menuItems": [
      {
        "category": "koudai_teishoku",
        "categoryLabel": "工大定食",
        "confidence": 0.9,
        "name": "チャーシュー 玉子丼",
        "nameLines": [
          "チャーシュー",
          "玉子丼",
        ],
        "priceText": "<工大400>",
        "priceYen": 400,
        "warnings": [],
      },
      {
        "category": "koudai_teishoku",
        "categoryLabel": "工大定食",
        "confidence": 0.9,
        "name": "唐揚おろし丼",
        "nameLines": [
          "唐揚おろし丼",
        ],
        "priceText": "<工大350>",
        "priceYen": 350,
        "warnings": [],
      },
      {
        "category": "koudai_teishoku",
        "categoryLabel": "工大定食",
        "confidence": 0.9,
        "name": "デミカツ丼",
        "nameLines": [
          "デミカツ丼",
        ],
        "priceText": "<工大350>",
        "priceYen": 350,
        "warnings": [],
      },
      {
        "category": "koudai_teishoku",
        "categoryLabel": "工大定食",
        "confidence": 0.9,
        "name": "豚肉と厚揚の 四川風炒め",
        "nameLines": [
          "豚肉と厚揚の",
          "四川風炒め",
        ],
        "priceText": "<工大300>",
        "priceYen": 300,
        "warnings": [],
      },
      {
        "category": "asa_teishoku",
        "categoryLabel": "朝定食",
        "confidence": 0.9,
        "name": "ハンバーグ コロッケ",
        "nameLines": [
          "ハンバーグ",
          "コロッケ",
        ],
        "priceText": "¥300",
        "priceYen": 300,
        "warnings": [],
      },
      {
        "category": "higawari_salad",
        "categoryLabel": "日替りサラダ",
        "confidence": 0.9,
        "name": "ねぎチャーシュー",
        "nameLines": [
          "ねぎチャーシュー",
        ],
        "priceText": "¥150",
        "priceYen": 150,
        "warnings": [],
      },
      {
        "category": "gourmet_curry",
        "categoryLabel": "グルメカレー",
        "confidence": 0.9,
        "name": "マヨたまカツ",
        "nameLines": [
          "マヨたまカツ",
        ],
        "priceText": "¥350",
        "priceYen": 350,
        "warnings": [],
      },
      {
        "category": "men_corner",
        "categoryLabel": "日替りラーメン",
        "confidence": 0.9,
        "name": "とんこつパーコー",
        "nameLines": [
          "とんこつパーコー",
        ],
        "priceText": "¥400",
        "priceYen": 400,
        "warnings": [],
      },
      {
        "category": "men_corner",
        "categoryLabel": "ラーメン",
        "confidence": 0.9,
        "name": "醤油",
        "nameLines": [
          "醤油",
        ],
        "priceText": "ラーメン\\350",
        "priceYen": 350,
        "warnings": [
          "name_may_be_incomplete",
        ],
      },
      {
        "category": "keishoku_pasta",
        "categoryLabel": "今週のパスタ",
        "confidence": 0.9,
        "name": "チキントマト",
        "nameLines": [
          "チキントマト",
        ],
        "priceText": null,
        "priceYen": null,
        "warnings": [
          "price_not_found",
        ],
      },
      {
        "category": "keishoku_pasta",
        "categoryLabel": "今日のパスタ",
        "confidence": 0.9,
        "name": "和風ツナクリーム",
        "nameLines": [
          "和風ツナクリーム",
        ],
        "priceText": "¥300",
        "priceYen": 300,
        "warnings": [],
      },
      {
        "category": "yu_teishoku",
        "categoryLabel": "夕定食",
        "confidence": 0.9,
        "name": "ビビンバ丼",
        "nameLines": [
          "ビビンバ丼",
        ],
        "priceText": "¥300",
        "priceYen": 300,
        "warnings": [],
      },
    ],
    "menuText": {
      "lines": [
        "ハンバーグ",
        "コロッケ",
        "<工大400>",
        "チャーシュー",
        "玉子丼",
        "<工大350>",
        "唐揚おろし丼",
        "<工大350>",
        "デミカツ丼",
        "<工大300>",
        "豚肉と厚揚の",
        "四川風炒め",
        "ねぎチャーシュー",
        "マヨたまカツ",
        "とんこつパーコー",
        "醤油",
        "チキントマト",
        "和風ツナクリーム",
        "ビビンバ丼",
      ],
    },
    "parser": {
      "warnings": [],
    },
    "status": "ok",
    "unassignedLines": [],
  },
  {
    "date": "2026-07-02",
    "menuItems": [
      {
        "category": "koudai_teishoku",
        "categoryLabel": "工大定食",
        "confidence": 0.9,
        "name": "サーモンフライ タルタルソース ポテトサラダ",
        "nameLines": [
          "サーモンフライ",
          "タルタルソース",
          "ポテトサラダ",
        ],
        "priceText": "<工大400>",
        "priceYen": 400,
        "warnings": [],
      },
      {
        "category": "koudai_teishoku",
        "categoryLabel": "工大定食",
        "confidence": 0.9,
        "name": "帯広豚丼",
        "nameLines": [
          "帯広豚丼",
        ],
        "priceText": "<工大400>",
        "priceYen": 400,
        "warnings": [],
      },
      {
        "category": "koudai_teishoku",
        "categoryLabel": "工大定食",
        "confidence": 0.9,
        "name": "唐揚 ピリ辛ソース",
        "nameLines": [
          "唐揚",
          "ピリ辛ソース",
        ],
        "priceText": "<工大350>",
        "priceYen": 350,
        "warnings": [],
      },
      {
        "category": "koudai_teishoku",
        "categoryLabel": "工大定食",
        "confidence": 0.9,
        "name": "ホイコーロー丼",
        "nameLines": [
          "ホイコーロー丼",
        ],
        "priceText": "<工大300>",
        "priceYen": 300,
        "warnings": [],
      },
      {
        "category": "asa_teishoku",
        "categoryLabel": "朝定食",
        "confidence": 0.9,
        "name": "とり天丼 サラダ",
        "nameLines": [
          "とり天丼",
          "サラダ",
        ],
        "priceText": "¥300",
        "priceYen": 300,
        "warnings": [],
      },
      {
        "category": "higawari_salad",
        "categoryLabel": "日替りサラダ",
        "confidence": 0.9,
        "name": "えびと ポテトサラダ",
        "nameLines": [
          "えびと",
          "ポテトサラダ",
        ],
        "priceText": "¥150",
        "priceYen": 150,
        "warnings": [],
      },
      {
        "category": "gourmet_curry",
        "categoryLabel": "グルメカレー",
        "confidence": 0.9,
        "name": "焼肉",
        "nameLines": [
          "焼肉",
        ],
        "priceText": "¥350",
        "priceYen": 350,
        "warnings": [],
      },
      {
        "category": "men_corner",
        "categoryLabel": "日替りラーメン",
        "confidence": 0.9,
        "name": "豚キムチ",
        "nameLines": [
          "豚キムチ",
        ],
        "priceText": "¥400",
        "priceYen": 400,
        "warnings": [],
      },
      {
        "category": "men_corner",
        "categoryLabel": "ラーメン",
        "confidence": 0.9,
        "name": "味噌",
        "nameLines": [
          "味噌",
        ],
        "priceText": "ラーメン\\350",
        "priceYen": 350,
        "warnings": [
          "name_may_be_incomplete",
        ],
      },
      {
        "category": "keishoku_pasta",
        "categoryLabel": "今日のパスタ",
        "confidence": 0.9,
        "name": "お肉たっぷり ボロネーゼ",
        "nameLines": [
          "お肉たっぷり",
          "ボロネーゼ",
        ],
        "priceText": "¥300",
        "priceYen": 300,
        "warnings": [],
      },
      {
        "category": "yu_teishoku",
        "categoryLabel": "夕定食",
        "confidence": 0.9,
        "name": "ソースヒレカツ丼",
        "nameLines": [
          "ソースヒレカツ丼",
        ],
        "priceText": "¥300",
        "priceYen": 300,
        "warnings": [],
      },
    ],
    "menuText": {
      "lines": [
        "とり天丼",
        "サラダ",
        "<工大400>",
        "サーモンフライ",
        "タルタルソース",
        "ポテトサラダ",
        "<工大400>",
        "帯広豚丼",
        "<工大350>",
        "唐揚",
        "ピリ辛ソース",
        "<工大300>",
        "ホイコーロー丼",
        "えびと",
        "ポテトサラダ",
        "焼肉",
        "豚キムチ",
        "味噌",
        "お肉たっぷり",
        "ボロネーゼ",
        "ソースヒレカツ丼",
      ],
    },
    "parser": {
      "warnings": [],
    },
    "status": "ok",
    "unassignedLines": [],
  },
  {
    "date": "2026-07-03",
    "menuItems": [
      {
        "category": "koudai_teishoku",
        "categoryLabel": "工大定食",
        "confidence": 0.9,
        "name": "とりの山賊焼き",
        "nameLines": [
          "とりの山賊焼き",
        ],
        "priceText": "<工大400>",
        "priceYen": 400,
        "warnings": [],
      },
      {
        "category": "koudai_teishoku",
        "categoryLabel": "工大定食",
        "confidence": 0.9,
        "name": "唐揚ライス",
        "nameLines": [
          "唐揚ライス",
        ],
        "priceText": "<工大350>",
        "priceYen": 350,
        "warnings": [],
      },
      {
        "category": "koudai_teishoku",
        "categoryLabel": "工大定食",
        "confidence": 0.9,
        "name": "ピリ辛そぼろの 温玉のっけごはん",
        "nameLines": [
          "ピリ辛そぼろの",
          "温玉のっけごはん",
        ],
        "priceText": "<工大350>",
        "priceYen": 350,
        "warnings": [],
      },
      {
        "category": "koudai_teishoku",
        "categoryLabel": "工大定食",
        "confidence": 0.9,
        "name": "チーズ入り メンチカツ",
        "nameLines": [
          "チーズ入り",
          "メンチカツ",
        ],
        "priceText": "<工大300>",
        "priceYen": 300,
        "warnings": [],
      },
      {
        "category": "asa_teishoku",
        "categoryLabel": "朝定食",
        "confidence": 0.9,
        "name": "とりの照焼き コロッケ",
        "nameLines": [
          "とりの照焼き",
          "コロッケ",
        ],
        "priceText": "¥300",
        "priceYen": 300,
        "warnings": [],
      },
      {
        "category": "higawari_salad",
        "categoryLabel": "日替りサラダ",
        "confidence": 0.9,
        "name": "ローストビーフ",
        "nameLines": [
          "ローストビーフ",
        ],
        "priceText": "¥150",
        "priceYen": 150,
        "warnings": [],
      },
      {
        "category": "gourmet_curry",
        "categoryLabel": "グルメカレー",
        "confidence": 0.9,
        "name": "チョリソー",
        "nameLines": [
          "チョリソー",
        ],
        "priceText": "¥350",
        "priceYen": 350,
        "warnings": [],
      },
      {
        "category": "men_corner",
        "categoryLabel": "日替りラーメン",
        "confidence": 0.9,
        "name": "塩とりそば",
        "nameLines": [
          "塩とりそば",
        ],
        "priceText": "¥400",
        "priceYen": 400,
        "warnings": [],
      },
      {
        "category": "men_corner",
        "categoryLabel": "ラーメン",
        "confidence": 0.9,
        "name": "醤油",
        "nameLines": [
          "醤油",
        ],
        "priceText": "ラーメン\\350",
        "priceYen": 350,
        "warnings": [
          "name_may_be_incomplete",
        ],
      },
      {
        "category": "keishoku_pasta",
        "categoryLabel": "今週のパスタ",
        "confidence": 0.9,
        "name": "チキンクリーム",
        "nameLines": [
          "チキンクリーム",
        ],
        "priceText": null,
        "priceYen": null,
        "warnings": [
          "price_not_found",
        ],
      },
      {
        "category": "keishoku_pasta",
        "categoryLabel": "今日のパスタ",
        "confidence": 0.9,
        "name": "ベーコンと茄子の アラビアータ",
        "nameLines": [
          "ベーコンと茄子の",
          "アラビアータ",
        ],
        "priceText": "¥300",
        "priceYen": 300,
        "warnings": [],
      },
      {
        "category": "yu_teishoku",
        "categoryLabel": "夕定食",
        "confidence": 0.9,
        "name": "和風ハンバーグ",
        "nameLines": [
          "和風ハンバーグ",
        ],
        "priceText": "¥300",
        "priceYen": 300,
        "warnings": [],
      },
    ],
    "menuText": {
      "lines": [
        "とりの照焼き",
        "コロッケ",
        "<工大400>",
        "とりの山賊焼き",
        "<工大350>",
        "唐揚ライス",
        "<工大350>",
        "ピリ辛そぼろの",
        "温玉のっけごはん",
        "<工大300>",
        "チーズ入り",
        "メンチカツ",
        "ローストビーフ",
        "チョリソー",
        "塩とりそば",
        "醤油",
        "チキンクリーム",
        "ベーコンと茄子の",
        "アラビアータ",
        "和風ハンバーグ",
        "学食券の対応の為",
        "変則的なメニュー提供になります",
        "*CIT学食 で検索できます*",
        "http://www.cit-s.com/",
      ],
    },
    "parser": {
      "warnings": [],
    },
    "status": "ok",
    "unassignedLines": [
      "学食券の対応の為",
      "変則的なメニュー提供になります",
      "*CIT学食 で検索できます*",
      "http://www.cit-s.com/",
    ],
  },
  {
    "date": "2026-07-04",
    "menuItems": [
      {
        "category": "koudai_teishoku",
        "categoryLabel": "工大定食",
        "confidence": 0.9,
        "name": "唐揚 甘酢ソース",
        "nameLines": [
          "唐揚",
          "甘酢ソース",
        ],
        "priceText": "<工大350>",
        "priceYen": 350,
        "warnings": [],
      },
      {
        "category": "koudai_teishoku",
        "categoryLabel": "工大定食",
        "confidence": 0.9,
        "name": "豚の塩焼肉丼",
        "nameLines": [
          "豚の塩焼肉丼",
        ],
        "priceText": "<工大300>",
        "priceYen": 300,
        "warnings": [],
      },
    ],
    "menuText": {
      "lines": [
        "<工大350>",
        "唐揚",
        "甘酢ソース",
        "<工大300>",
        "豚の塩焼肉丼",
        "シー・アイ・ティ・サービス",
      ],
    },
    "parser": {
      "warnings": [],
    },
    "status": "ok",
    "unassignedLines": [
      "シー・アイ・ティ・サービス",
    ],
  },
]
`;

exports[`parser output characterization snapshots > keeps Tsudanuma golden output for tsudanuma-two-block 1`] = `
[
  {
    "date": "2026-06-29",
    "menuItems": [
      {
        "category": "koudai_teishoku",
        "categoryLabel": "工大定食",
        "confidence": 0.9,
        "name": "唐揚 マヨネーズ添え",
        "nameLines": [
          "唐揚",
          "マヨネーズ添え",
        ],
        "priceText": "<工大350>",
        "priceYen": 350,
        "warnings": [],
      },
      {
        "category": "koudai_teishoku",
        "categoryLabel": "工大定食",
        "confidence": 0.9,
        "name": "ヒレカツ",
        "nameLines": [
          "ヒレカツ",
        ],
        "priceText": "<工大350>",
        "priceYen": 350,
        "warnings": [],
      },
      {
        "category": "koudai_teishoku",
        "categoryLabel": "工大定食",
        "confidence": 0.9,
        "name": "ビビンバ丼",
        "nameLines": [
          "ビビンバ丼",
        ],
        "priceText": "<工大300>",
        "priceYen": 300,
        "warnings": [],
      },
      {
        "category": "asa_teishoku",
        "categoryLabel": "朝定食",
        "confidence": 0.9,
        "name": "ソースチキンカツ丼 サラダ",
        "nameLines": [
          "ソースチキンカツ丼",
          "サラダ",
        ],
        "priceText": "¥300",
        "priceYen": 300,
        "warnings": [],
      },
      {
        "category": "higawari_salad",
        "categoryLabel": "日替りサラダ",
        "confidence": 0.9,
        "name": "ツナとアボカド",
        "nameLines": [
          "ツナとアボカド",
        ],
        "priceText": "¥150",
        "priceYen": 150,
        "warnings": [],
      },
      {
        "category": "gourmet_curry",
        "categoryLabel": "グルメカレー",
        "confidence": 0.9,
        "name": "温玉&粉チーズ",
        "nameLines": [
          "温玉&粉チーズ",
        ],
        "priceText": "¥350",
        "priceYen": 350,
        "warnings": [],
      },
      {
        "category": "men_corner",
        "categoryLabel": "日替りラーメン",
        "confidence": 0.9,
        "name": "パーコー麺",
        "nameLines": [
          "パーコー麺",
        ],
        "priceText": "¥400",
        "priceYen": 400,
        "warnings": [],
      },
      {
        "category": "men_corner",
        "categoryLabel": "ラーメン",
        "confidence": 0.9,
        "name": "味噌",
        "nameLines": [
          "味噌",
        ],
        "priceText": "ラーメン\\350",
        "priceYen": 350,
        "warnings": [
          "name_may_be_incomplete",
        ],
      },
      {
        "category": "keishoku_pasta",
        "categoryLabel": "今日のパスタ",
        "confidence": 0.9,
        "name": "イカ明太",
        "nameLines": [
          "イカ明太",
        ],
        "priceText": "¥300",
        "priceYen": 300,
        "warnings": [],
      },
      {
        "category": "yu_teishoku",
        "categoryLabel": "夕定食",
        "confidence": 0.9,
        "name": "シューマイ定食",
        "nameLines": [
          "シューマイ定食",
        ],
        "priceText": "¥300",
        "priceYen": 300,
        "warnings": [],
      },
    ],
    "menuText": {
      "lines": [
        "ソースチキンカツ丼",
        "サラダ",
        "<工大350>",
        "唐揚",
        "マヨネーズ添え",
        "<工大350>",
        "ヒレカツ",
        "<工大300>",
        "ビビンバ丼",
        "ツナとアボカド",
        "温玉&粉チーズ",
        "パーコー麺",
        "味噌",
        "イカ明太",
        "シューマイ定食",
      ],
    },
    "parser": {
      "warnings": [
        "multi_block_layout_detected",
      ],
    },
    "status": "ok",
    "unassignedLines": [],
  },
  {
    "date": "2026-06-30",
    "menuItems": [
      {
        "category": "koudai_teishoku",
        "categoryLabel": "工大定食",
        "confidence": 0.9,
        "name": "ポークチャップ エビフライ タルタルソース",
        "nameLines": [
          "ポークチャップ",
          "エビフライ",
          "タルタルソース",
        ],
        "priceText": "<工大400>",
        "priceYen": 400,
        "warnings": [],
      },
      {
        "category": "koudai_teishoku",
        "categoryLabel": "工大定食",
        "confidence": 0.9,
        "name": "唐揚 ジンジャーソース",
        "nameLines": [
          "唐揚",
          "ジンジャーソース",
        ],
        "priceText": "<工大350>",
        "priceYen": 350,
        "warnings": [],
      },
      {
        "category": "koudai_teishoku",
        "categoryLabel": "工大定食",
        "confidence": 0.9,
        "name": "温玉のせ やきとり丼",
        "nameLines": [
          "温玉のせ",
          "やきとり丼",
        ],
        "priceText": "<工大350>",
        "priceYen": 350,
        "warnings": [],
      },
      {
        "category": "koudai_teishoku",
        "categoryLabel": "工大定食",
        "confidence": 0.9,
        "name": "メンチカツ",
        "nameLines": [
          "メンチカツ",
        ],
        "priceText": "<工大300>",
        "priceYen": 300,
        "warnings": [],
      },
      {
        "category": "asa_teishoku",
        "categoryLabel": "朝定食",
        "confidence": 0.9,
        "name": "豚の照焼き丼 サラダ",
        "nameLines": [
          "豚の照焼き丼",
          "サラダ",
        ],
        "priceText": "¥300",
        "priceYen": 300,
        "warnings": [],
      },
      {
        "category": "higawari_salad",
        "categoryLabel": "日替りサラダ",
        "confidence": 0.9,
        "name": "とりムネと パプリカ",
        "nameLines": [
          "とりムネと",
          "パプリカ",
        ],
        "priceText": "¥150",
        "priceYen": 150,
        "warnings": [],
      },
      {
        "category": "gourmet_curry",
        "categoryLabel": "グルメカレー",
        "confidence": 0.9,
        "name": "ハムステーキ",
        "nameLines": [
          "ハムステーキ",
        ],
        "priceText": "¥350",
        "priceYen": 350,
        "warnings": [],
      },
      {
        "category": "men_corner",
        "categoryLabel": "日替りラーメン",
        "confidence": 0.9,
        "name": "辛ラーメン",
        "nameLines": [
          "辛ラーメン",
        ],
        "priceText": "¥400",
        "priceYen": 400,
        "warnings": [],
      },
      {
        "category": "men_corner",
        "categoryLabel": "ラーメン",
        "confidence": 0.9,
        "name": "塩",
        "nameLines": [
          "塩",
        ],
        "priceText": "ラーメン\\350",
        "priceYen": 350,
        "warnings": [
          "name_may_be_incomplete",
        ],
      },
      {
        "category": "keishoku_pasta",
        "categoryLabel": "今週のパスタ",
        "confidence": 0.9,
        "name": "チキントマト",
        "nameLines": [
          "チキントマト",
        ],
        "priceText": null,
        "priceYen": null,
        "warnings": [
          "price_not_found",
        ],
      },
      {
        "category": "keishoku_pasta",
        "categoryLabel": "今日のパスタ",
        "confidence": 0.9,
        "name": "ぺぺたま",
        "nameLines": [
          "ぺぺたま",
        ],
        "priceText": "¥300",
        "priceYen": 300,
        "warnings": [],
      },
      {
        "category": "yu_teishoku",
        "categoryLabel": "夕定食",
        "confidence": 0.9,
        "name": "親子丼",
        "nameLines": [
          "親子丼",
        ],
        "priceText": "¥300",
        "priceYen": 300,
        "warnings": [],
      },
    ],
    "menuText": {
      "lines": [
        "豚の照焼き丼",
        "サラダ",
        "<工大400>",
        "ポークチャップ",
        "エビフライ",
        "タルタルソース",
        "<工大350>",
        "唐揚",
        "ジンジャーソース",
        "<工大350>",
        "温玉のせ",
        "やきとり丼",
        "<工大300>",
        "メンチカツ",
        "とりムネと",
        "パプリカ",
        "ハムステーキ",
        "辛ラーメン",
        "塩",
        "チキントマト",
        "ぺぺたま",
        "親子丼",
      ],
    },
    "parser": {
      "warnings": [
        "multi_block_layout_detected",
      ],
    },
    "status": "ok",
    "unassignedLines": [],
  },
  {
    "date": "2026-07-01",
    "menuItems": [
      {
        "category": "koudai_teishoku",
        "categoryLabel": "工大定食",
        "confidence": 0.9,
        "name": "チャーシュー 玉子丼",
        "nameLines": [
          "チャーシュー",
          "玉子丼",
        ],
        "priceText": "<工大400>",
        "priceYen": 400,
        "warnings": [],
      },
      {
        "category": "koudai_teishoku",
        "categoryLabel": "工大定食",
        "confidence": 0.9,
        "name": "唐揚おろし丼",
        "nameLines": [
          "唐揚おろし丼",
        ],
        "priceText": "<工大350>",
        "priceYen": 350,
        "warnings": [],
      },
      {
        "category": "koudai_teishoku",
        "categoryLabel": "工大定食",
        "confidence": 0.9,
        "name": "デミカツ丼",
        "nameLines": [
          "デミカツ丼",
        ],
        "priceText": "<工大350>",
        "priceYen": 350,
        "warnings": [],
      },
      {
        "category": "koudai_teishoku",
        "categoryLabel": "工大定食",
        "confidence": 0.9,
        "name": "豚肉と厚揚の 四川風炒め",
        "nameLines": [
          "豚肉と厚揚の",
          "四川風炒め",
        ],
        "priceText": "<工大300>",
        "priceYen": 300,
        "warnings": [],
      },
      {
        "category": "asa_teishoku",
        "categoryLabel": "朝定食",
        "confidence": 0.9,
        "name": "ハンバーグ コロッケ",
        "nameLines": [
          "ハンバーグ",
          "コロッケ",
        ],
        "priceText": "¥300",
        "priceYen": 300,
        "warnings": [],
      },
      {
        "category": "higawari_salad",
        "categoryLabel": "日替りサラダ",
        "confidence": 0.9,
        "name": "ねぎチャーシュー",
        "nameLines": [
          "ねぎチャーシュー",
        ],
        "priceText": "¥150",
        "priceYen": 150,
        "warnings": [],
      },
      {
        "category": "gourmet_curry",
        "categoryLabel": "グルメカレー",
        "confidence": 0.9,
        "name": "マヨたまカツ",
        "nameLines": [
          "マヨたまカツ",
        ],
        "priceText": "¥350",
        "priceYen": 350,
        "warnings": [],
      },
      {
        "category": "men_corner",
        "categoryLabel": "日替りラーメン",
        "confidence": 0.9,
        "name": "とんこつパーコー",
        "nameLines": [
          "とんこつパーコー",
        ],
        "priceText": "¥400",
        "priceYen": 400,
        "warnings": [],
      },
      {
        "category": "men_corner",
        "categoryLabel": "ラーメン",
        "confidence": 0.9,
        "name": "醤油",
        "nameLines": [
          "醤油",
        ],
        "priceText": "ラーメン\\350",
        "priceYen": 350,
        "warnings": [
          "name_may_be_incomplete",
        ],
      },
      {
        "category": "keishoku_pasta",
        "categoryLabel": "今日のパスタ",
        "confidence": 0.9,
        "name": "和風ツナクリーム",
        "nameLines": [
          "和風ツナクリーム",
        ],
        "priceText": "¥300",
        "priceYen": 300,
        "warnings": [],
      },
      {
        "category": "yu_teishoku",
        "categoryLabel": "夕定食",
        "confidence": 0.9,
        "name": "ビビンバ丼",
        "nameLines": [
          "ビビンバ丼",
        ],
        "priceText": "¥300",
        "priceYen": 300,
        "warnings": [],
      },
    ],
    "menuText": {
      "lines": [
        "ハンバーグ",
        "コロッケ",
        "<工大400>",
        "チャーシュー",
        "玉子丼",
        "<工大350>",
        "唐揚おろし丼",
        "<工大350>",
        "デミカツ丼",
        "<工大300>",
        "豚肉と厚揚の",
        "四川風炒め",
        "ねぎチャーシュー",
        "マヨたまカツ",
        "とんこつパーコー",
        "醤油",
        "和風ツナクリーム",
        "ビビンバ丼",
      ],
    },
    "parser": {
      "warnings": [
        "multi_block_layout_detected",
      ],
    },
    "status": "ok",
    "unassignedLines": [],
  },
  {
    "date": "2026-07-02",
    "menuItems": [
      {
        "category": "koudai_teishoku",
        "categoryLabel": "工大定食",
        "confidence": 0.9,
        "name": "サーモンフライ タルタルソース ポテトサラダ",
        "nameLines": [
          "サーモンフライ",
          "タルタルソース",
          "ポテトサラダ",
        ],
        "priceText": "<工大400>",
        "priceYen": 400,
        "warnings": [],
      },
      {
        "category": "koudai_teishoku",
        "categoryLabel": "工大定食",
        "confidence": 0.9,
        "name": "帯広豚丼",
        "nameLines": [
          "帯広豚丼",
        ],
        "priceText": "<工大400>",
        "priceYen": 400,
        "warnings": [],
      },
      {
        "category": "koudai_teishoku",
        "categoryLabel": "工大定食",
        "confidence": 0.9,
        "name": "唐揚 ピリ辛ソース",
        "nameLines": [
          "唐揚",
          "ピリ辛ソース",
        ],
        "priceText": "<工大350>",
        "priceYen": 350,
        "warnings": [],
      },
      {
        "category": "koudai_teishoku",
        "categoryLabel": "工大定食",
        "confidence": 0.9,
        "name": "ホイコーロー丼",
        "nameLines": [
          "ホイコーロー丼",
        ],
        "priceText": "<工大300>",
        "priceYen": 300,
        "warnings": [],
      },
      {
        "category": "asa_teishoku",
        "categoryLabel": "朝定食",
        "confidence": 0.9,
        "name": "とり天丼 サラダ",
        "nameLines": [
          "とり天丼",
          "サラダ",
        ],
        "priceText": "¥300",
        "priceYen": 300,
        "warnings": [],
      },
      {
        "category": "higawari_salad",
        "categoryLabel": "日替りサラダ",
        "confidence": 0.9,
        "name": "えびと ポテトサラダ",
        "nameLines": [
          "えびと",
          "ポテトサラダ",
        ],
        "priceText": "¥150",
        "priceYen": 150,
        "warnings": [],
      },
      {
        "category": "gourmet_curry",
        "categoryLabel": "グルメカレー",
        "confidence": 0.9,
        "name": "焼肉",
        "nameLines": [
          "焼肉",
        ],
        "priceText": "¥350",
        "priceYen": 350,
        "warnings": [],
      },
      {
        "category": "men_corner",
        "categoryLabel": "日替りラーメン",
        "confidence": 0.9,
        "name": "豚キムチ",
        "nameLines": [
          "豚キムチ",
        ],
        "priceText": "¥400",
        "priceYen": 400,
        "warnings": [],
      },
      {
        "category": "men_corner",
        "categoryLabel": "ラーメン",
        "confidence": 0.9,
        "name": "味噌",
        "nameLines": [
          "味噌",
        ],
        "priceText": "ラーメン\\350",
        "priceYen": 350,
        "warnings": [
          "name_may_be_incomplete",
        ],
      },
      {
        "category": "keishoku_pasta",
        "categoryLabel": "今日のパスタ",
        "confidence": 0.9,
        "name": "お肉たっぷり ボロネーゼ",
        "nameLines": [
          "お肉たっぷり",
          "ボロネーゼ",
        ],
        "priceText": "¥300",
        "priceYen": 300,
        "warnings": [],
      },
      {
        "category": "yu_teishoku",
        "categoryLabel": "夕定食",
        "confidence": 0.9,
        "name": "ソースヒレカツ丼",
        "nameLines": [
          "ソースヒレカツ丼",
        ],
        "priceText": "¥300",
        "priceYen": 300,
        "warnings": [],
      },
    ],
    "menuText": {
      "lines": [
        "とり天丼",
        "サラダ",
        "<工大400>",
        "サーモンフライ",
        "タルタルソース",
        "ポテトサラダ",
        "<工大400>",
        "帯広豚丼",
        "<工大350>",
        "唐揚",
        "ピリ辛ソース",
        "<工大300>",
        "ホイコーロー丼",
        "えびと",
        "ポテトサラダ",
        "焼肉",
        "豚キムチ",
        "味噌",
        "お肉たっぷり",
        "ボロネーゼ",
        "ソースヒレカツ丼",
      ],
    },
    "parser": {
      "warnings": [
        "multi_block_layout_detected",
      ],
    },
    "status": "ok",
    "unassignedLines": [],
  },
  {
    "date": "2026-07-03",
    "menuItems": [
      {
        "category": "koudai_teishoku",
        "categoryLabel": "工大定食",
        "confidence": 0.9,
        "name": "とりの山賊焼き",
        "nameLines": [
          "とりの山賊焼き",
        ],
        "priceText": "<工大400>",
        "priceYen": 400,
        "warnings": [],
      },
      {
        "category": "koudai_teishoku",
        "categoryLabel": "工大定食",
        "confidence": 0.9,
        "name": "唐揚ライス",
        "nameLines": [
          "唐揚ライス",
        ],
        "priceText": "<工大350>",
        "priceYen": 350,
        "warnings": [],
      },
      {
        "category": "koudai_teishoku",
        "categoryLabel": "工大定食",
        "confidence": 0.9,
        "name": "ピリ辛そぼろの 温玉のっけごはん",
        "nameLines": [
          "ピリ辛そぼろの",
          "温玉のっけごはん",
        ],
        "priceText": "<工大350>",
        "priceYen": 350,
        "warnings": [],
      },
      {
        "category": "koudai_teishoku",
        "categoryLabel": "工大定食",
        "confidence": 0.9,
        "name": "チーズ入り メンチカツ",
        "nameLines": [
          "チーズ入り",
          "メンチカツ",
        ],
        "priceText": "<工大300>",
        "priceYen": 300,
        "warnings": [],
      },
      {
        "category": "asa_teishoku",
        "categoryLabel": "朝定食",
        "confidence": 0.9,
        "name": "とりの照焼き コロッケ",
        "nameLines": [
          "とりの照焼き",
          "コロッケ",
        ],
        "priceText": "¥300",
        "priceYen": 300,
        "warnings": [],
      },
      {
        "category": "higawari_salad",
        "categoryLabel": "日替りサラダ",
        "confidence": 0.9,
        "name": "ローストビーフ",
        "nameLines": [
          "ローストビーフ",
        ],
        "priceText": "¥150",
        "priceYen": 150,
        "warnings": [],
      },
      {
        "category": "gourmet_curry",
        "categoryLabel": "グルメカレー",
        "confidence": 0.9,
        "name": "チョリソー",
        "nameLines": [
          "チョリソー",
        ],
        "priceText": "¥350",
        "priceYen": 350,
        "warnings": [],
      },
      {
        "category": "men_corner",
        "categoryLabel": "日替りラーメン",
        "confidence": 0.9,
        "name": "塩とりそば",
        "nameLines": [
          "塩とりそば",
        ],
        "priceText": "¥400",
        "priceYen": 400,
        "warnings": [],
      },
      {
        "category": "men_corner",
        "categoryLabel": "ラーメン",
        "confidence": 0.9,
        "name": "醤油",
        "nameLines": [
          "醤油",
        ],
        "priceText": "ラーメン\\350",
        "priceYen": 350,
        "warnings": [
          "name_may_be_incomplete",
        ],
      },
      {
        "category": "keishoku_pasta",
        "categoryLabel": "今週のパスタ",
        "confidence": 0.9,
        "name": "チキンクリーム",
        "nameLines": [
          "チキンクリーム",
        ],
        "priceText": null,
        "priceYen": null,
        "warnings": [
          "price_not_found",
        ],
      },
      {
        "category": "keishoku_pasta",
        "categoryLabel": "今日のパスタ",
        "confidence": 0.9,
        "name": "ベーコンと茄子の アラビアータ",
        "nameLines": [
          "ベーコンと茄子の",
          "アラビアータ",
        ],
        "priceText": "¥300",
        "priceYen": 300,
        "warnings": [],
      },
      {
        "category": "yu_teishoku",
        "categoryLabel": "夕定食",
        "confidence": 0.9,
        "name": "和風ハンバーグ",
        "nameLines": [
          "和風ハンバーグ",
        ],
        "priceText": "¥300",
        "priceYen": 300,
        "warnings": [],
      },
    ],
    "menuText": {
      "lines": [
        "とりの照焼き",
        "コロッケ",
        "<工大400>",
        "とりの山賊焼き",
        "<工大350>",
        "唐揚ライス",
        "<工大350>",
        "ピリ辛そぼろの",
        "温玉のっけごはん",
        "<工大300>",
        "チーズ入り",
        "メンチカツ",
        "ローストビーフ",
        "チョリソー",
        "塩とりそば",
        "醤油",
        "チキンクリーム",
        "ベーコンと茄子の",
        "アラビアータ",
        "和風ハンバーグ",
      ],
    },
    "parser": {
      "warnings": [
        "multi_block_layout_detected",
      ],
    },
    "status": "ok",
    "unassignedLines": [],
  },
  {
    "date": "2026-07-04",
    "menuItems": [
      {
        "category": "koudai_teishoku",
        "categoryLabel": "工大定食",
        "confidence": 0.9,
        "name": "唐揚 甘酢ソース",
        "nameLines": [
          "唐揚",
          "甘酢ソース",
        ],
        "priceText": "<工大350>",
        "priceYen": 350,
        "warnings": [],
      },
      {
        "category": "koudai_teishoku",
        "categoryLabel": "工大定食",
        "confidence": 0.9,
        "name": "豚の塩焼肉丼",
        "nameLines": [
          "豚の塩焼肉丼",
        ],
        "priceText": "<工大300>",
        "priceYen": 300,
        "warnings": [],
      },
    ],
    "menuText": {
      "lines": [
        "<工大350>",
        "唐揚",
        "甘酢ソース",
        "<工大300>",
        "豚の塩焼肉丼",
      ],
    },
    "parser": {
      "warnings": [
        "multi_block_layout_detected",
      ],
    },
    "status": "ok",
    "unassignedLines": [],
  },
  {
    "date": "2026-07-06",
    "menuItems": [
      {
        "category": "koudai_teishoku",
        "categoryLabel": "工大定食",
        "confidence": 0.9,
        "name": "チーズハンバーグ エビフライ タルタルソース",
        "nameLines": [
          "チーズハンバーグ",
          "エビフライ",
          "タルタルソース",
        ],
        "priceText": "<工大400>",
        "priceYen": 400,
        "warnings": [],
      },
      {
        "category": "koudai_teishoku",
        "categoryLabel": "工大定食",
        "confidence": 0.9,
        "name": "唐揚 ピリ辛ソース",
        "nameLines": [
          "唐揚",
          "ピリ辛ソース",
        ],
        "priceText": "<工大350>",
        "priceYen": 350,
        "warnings": [],
      },
      {
        "category": "koudai_teishoku",
        "categoryLabel": "工大定食",
        "confidence": 0.9,
        "name": "温玉のせ ビビンバ丼",
        "nameLines": [
          "温玉のせ",
          "ビビンバ丼",
        ],
        "priceText": "<工大350>",
        "priceYen": 350,
        "warnings": [],
      },
      {
        "category": "koudai_teishoku",
        "categoryLabel": "工大定食",
        "confidence": 0.9,
        "name": "メンチカツ",
        "nameLines": [
          "メンチカツ",
        ],
        "priceText": "<工大300>",
        "priceYen": 300,
        "warnings": [],
      },
      {
        "category": "asa_teishoku",
        "categoryLabel": "朝定食",
        "confidence": 0.9,
        "name": "ピリ辛そぼろ丼 サラダ",
        "nameLines": [
          "ピリ辛そぼろ丼",
          "サラダ",
        ],
        "priceText": "¥300",
        "priceYen": 300,
        "warnings": [],
      },
      {
        "category": "higawari_salad",
        "categoryLabel": "日替りサラダ",
        "confidence": 0.9,
        "name": "ツナとポテトサラダ",
        "nameLines": [
          "ツナとポテトサラダ",
        ],
        "priceText": "¥150",
        "priceYen": 150,
        "warnings": [],
      },
      {
        "category": "gourmet_curry",
        "categoryLabel": "グルメカレー",
        "confidence": 0.9,
        "name": "温玉&粉チーズ",
        "nameLines": [
          "温玉&粉チーズ",
        ],
        "priceText": "¥350",
        "priceYen": 350,
        "warnings": [],
      },
      {
        "category": "men_corner",
        "categoryLabel": "日替りラーメン",
        "confidence": 0.9,
        "name": "とんこつパーコー",
        "nameLines": [
          "とんこつパーコー",
        ],
        "priceText": "¥400",
        "priceYen": 400,
        "warnings": [],
      },
      {
        "category": "men_corner",
        "categoryLabel": "ラーメン",
        "confidence": 0.9,
        "name": "醤油",
        "nameLines": [
          "醤油",
        ],
        "priceText": "ラーメン\\350",
        "priceYen": 350,
        "warnings": [
          "name_may_be_incomplete",
        ],
      },
      {
        "category": "keishoku_pasta",
        "categoryLabel": "今日のパスタ",
        "confidence": 0.9,
        "name": "和風きのこ",
        "nameLines": [
          "和風きのこ",
        ],
        "priceText": "¥300",
        "priceYen": 300,
        "warnings": [],
      },
      {
        "category": "yu_teishoku",
        "categoryLabel": "夕定食",
        "confidence": 0.9,
        "name": "二色丼",
        "nameLines": [
          "二色丼",
        ],
        "priceText": "¥300",
        "priceYen": 300,
        "warnings": [],
      },
    ],
    "menuText": {
      "lines": [
        "ピリ辛そぼろ丼",
        "サラダ",
        "<工大400>",
        "チーズハンバーグ",
        "エビフライ",
        "タルタルソース",
        "<工大350>",
        "唐揚",
        "ピリ辛ソース",
        "<工大350>",
        "温玉のせ",
        "ビビンバ丼",
        "<工大300>",
        "メンチカツ",
        "ツナとポテトサラダ",
        "温玉&粉チーズ",
        "とんこつパーコー",
        "醤油",
        "和風きのこ",
        "二色丼",
        "朝定食 8 :",
        "昼・夕定食",
        "10:30",
      ],
    },
    "parser": {
      "warnings": [
        "multi_block_layout_detected",
      ],
    },
    "status": "ok",
    "unassignedLines": [
      "朝定食 8 :",
      "昼・夕定食",
      "10:30",
    ],
  },
  {
    "date": "2026-07-07",
    "menuItems": [
      {
        "category": "koudai_teishoku",
        "categoryLabel": "工大定食",
        "confidence": 0.9,
        "name": "ミックスフライ (ヒレ・チキン・白身魚) タルタルソース",
        "nameLines": [
          "ミックスフライ",
          "(ヒレ・チキン・白身魚)",
          "タルタルソース",
        ],
        "priceText": "<工大400>",
        "priceYen": 400,
        "warnings": [],
      },
      {
        "category": "koudai_teishoku",
        "categoryLabel": "工大定食",
        "confidence": 0.9,
        "name": "ヤンニョムチキン丼",
        "nameLines": [
          "ヤンニョムチキン丼",
        ],
        "priceText": "<工大400>",
        "priceYen": 400,
        "warnings": [],
      },
      {
        "category": "koudai_teishoku",
        "categoryLabel": "工大定食",
        "confidence": 0.9,
        "name": "チャーシュー玉子丼",
        "nameLines": [
          "チャーシュー玉子丼",
        ],
        "priceText": "<工大400>",
        "priceYen": 400,
        "warnings": [],
      },
      {
        "category": "koudai_teishoku",
        "categoryLabel": "工大定食",
        "confidence": 0.9,
        "name": "豚肉と厚揚げの 四川風炒め",
        "nameLines": [
          "豚肉と厚揚げの",
          "四川風炒め",
        ],
        "priceText": "<工大300>",
        "priceYen": 300,
        "warnings": [],
      },
      {
        "category": "asa_teishoku",
        "categoryLabel": "朝定食",
        "confidence": 0.9,
        "name": "ハンバーグ &コロッケ",
        "nameLines": [
          "ハンバーグ",
          "&コロッケ",
        ],
        "priceText": "¥300",
        "priceYen": 300,
        "warnings": [],
      },
      {
        "category": "higawari_salad",
        "categoryLabel": "日替りサラダ",
        "confidence": 0.9,
        "name": "えびとアボカド",
        "nameLines": [
          "えびとアボカド",
        ],
        "priceText": "¥150",
        "priceYen": 150,
        "warnings": [],
      },
      {
        "category": "gourmet_curry",
        "categoryLabel": "グルメカレー",
        "confidence": 0.9,
        "name": "5種のチーズカツ",
        "nameLines": [
          "5種のチーズカツ",
        ],
        "priceText": "¥350",
        "priceYen": 350,
        "warnings": [],
      },
      {
        "category": "men_corner",
        "categoryLabel": "日替りラーメン",
        "confidence": 0.9,
        "name": "カルビラーメン",
        "nameLines": [
          "カルビラーメン",
        ],
        "priceText": "¥400",
        "priceYen": 400,
        "warnings": [],
      },
      {
        "category": "men_corner",
        "categoryLabel": "ラーメン",
        "confidence": 0.9,
        "name": "塩",
        "nameLines": [
          "塩",
        ],
        "priceText": "ラーメン\\350",
        "priceYen": 350,
        "warnings": [
          "name_may_be_incomplete",
        ],
      },
      {
        "category": "keishoku_pasta",
        "categoryLabel": "今日のパスタ",
        "confidence": 0.9,
        "name": "お肉たっぷり ボロネーゼ",
        "nameLines": [
          "お肉たっぷり",
          "ボロネーゼ",
        ],
        "priceText": "¥300",
        "priceYen": 300,
        "warnings": [],
      },
      {
        "category": "yu_teishoku",
        "categoryLabel": "夕定食",
        "confidence": 0.9,
        "name": "塩焼肉丼",
        "nameLines": [
          "塩焼肉丼",
        ],
        "priceText": "¥300",
        "priceYen": 300,
        "warnings": [],
      },
    ],
    "menuText": {
      "lines": [
        "ハンバーグ",
        "&コロッケ",
        "<工大400>",
        "ミックスフライ",
        "(ヒレ・チキン・白身魚)",
        "タルタルソース",
        "<工大400>",
        "ヤンニョムチキン丼",
        "<工大400>",
        "チャーシュー玉子丼",
        "<工大300>",
        "豚肉と厚揚げの",
        "四川風炒め",
        "えびとアボカド",
        "5種のチーズカツ",
        "カルビラーメン",
        "塩",
        "お肉たっぷり",
        "ボロネーゼ",
        "塩焼肉丼",
        "<営業時間>",
        "30 ~ 9",
        "~ 19",
        "10:30 ~",
        "10 : 30",
      ],
    },
    "parser": {
      "warnings": [
        "multi_block_layout_detected",
      ],
    },
    "status": "ok",
    "unassignedLines": [
      "<営業時間>",
      "30 ~ 9",
      "~ 19",
      "10:30 ~",
      "10 : 30",
    ],
  },
  {
    "date": "2026-07-08",
    "menuItems": [
      {
        "category": "koudai_teishoku",
        "categoryLabel": "工大定食",
        "confidence": 0.9,
        "name": "豚ロースの照焼き &ハムカツ",
        "nameLines": [
          "豚ロースの照焼き",
          "&ハムカツ",
        ],
        "priceText": "<工大400>",
        "priceYen": 400,
        "warnings": [],
      },
      {
        "category": "koudai_teishoku",
        "categoryLabel": "工大定食",
        "confidence": 0.9,
        "name": "唐揚おろし丼",
        "nameLines": [
          "唐揚おろし丼",
        ],
        "priceText": "<工大350>",
        "priceYen": 350,
        "warnings": [],
      },
      {
        "category": "koudai_teishoku",
        "categoryLabel": "工大定食",
        "confidence": 0.9,
        "name": "マーボー丼 &シューマイ",
        "nameLines": [
          "マーボー丼",
          "&シューマイ",
        ],
        "priceText": "<工大350>",
        "priceYen": 350,
        "warnings": [],
      },
      {
        "category": "koudai_teishoku",
        "categoryLabel": "工大定食",
        "confidence": 0.9,
        "name": "チーズ入り メンチカツ",
        "nameLines": [
          "チーズ入り",
          "メンチカツ",
        ],
        "priceText": "<工大300>",
        "priceYen": 300,
        "warnings": [],
      },
      {
        "category": "asa_teishoku",
        "categoryLabel": "朝定食",
        "confidence": 0.9,
        "name": "豚の照焼き丼 サラダ",
        "nameLines": [
          "豚の照焼き丼",
          "サラダ",
        ],
        "priceText": "¥300",
        "priceYen": 300,
        "warnings": [],
      },
      {
        "category": "higawari_salad",
        "categoryLabel": "日替りサラダ",
        "confidence": 0.9,
        "name": "とりムネとパプリカ",
        "nameLines": [
          "とりムネとパプリカ",
        ],
        "priceText": "¥150",
        "priceYen": 150,
        "warnings": [],
      },
      {
        "category": "gourmet_curry",
        "categoryLabel": "グルメカレー",
        "confidence": 0.9,
        "name": "チョリソー",
        "nameLines": [
          "チョリソー",
        ],
        "priceText": "¥350",
        "priceYen": 350,
        "warnings": [],
      },
      {
        "category": "men_corner",
        "categoryLabel": "日替りラーメン",
        "confidence": 0.9,
        "name": "パーコー麺",
        "nameLines": [
          "パーコー麺",
        ],
        "priceText": "¥400",
        "priceYen": 400,
        "warnings": [],
      },
      {
        "category": "men_corner",
        "categoryLabel": "ラーメン",
        "confidence": 0.9,
        "name": "味噌",
        "nameLines": [
          "味噌",
        ],
        "priceText": "ラーメン\\350",
        "priceYen": 350,
        "warnings": [
          "name_may_be_incomplete",
        ],
      },
      {
        "category": "keishoku_pasta",
        "categoryLabel": "今週のパスタ",
        "confidence": 0.9,
        "name": "チキントマトソース",
        "nameLines": [
          "チキントマトソース",
        ],
        "priceText": null,
        "priceYen": null,
        "warnings": [
          "price_not_found",
        ],
      },
      {
        "category": "keishoku_pasta",
        "categoryLabel": "今日のパスタ",
        "confidence": 0.9,
        "name": "明太クリーム",
        "nameLines": [
          "明太クリーム",
        ],
        "priceText": "¥300",
        "priceYen": 300,
        "warnings": [],
      },
      {
        "category": "yu_teishoku",
        "categoryLabel": "夕定食",
        "confidence": 0.9,
        "name": "ヒレカツ",
        "nameLines": [
          "ヒレカツ",
        ],
        "priceText": "¥350",
        "priceYen": 350,
        "warnings": [],
      },
    ],
    "menuText": {
      "lines": [
        "豚の照焼き丼",
        "サラダ",
        "<工大400>",
        "豚ロースの照焼き",
        "&ハムカツ",
        "<工大350>",
        "唐揚おろし丼",
        "<工大350>",
        "マーボー丼",
        "&シューマイ",
        "<工大300>",
        "チーズ入り",
        "メンチカツ",
        "とりムネとパプリカ",
        "チョリソー",
        "パーコー麺",
        "味噌",
        "チキントマトソース",
        "明太クリーム",
        "¥350",
        "ヒレカツ",
        ": 30",
        ": 00",
        "14 :",
        "~ 14",
      ],
    },
    "parser": {
      "warnings": [
        "multi_block_layout_detected",
      ],
    },
    "status": "ok",
    "unassignedLines": [
      ": 30",
      ": 00",
      "14 :",
      "~ 14",
    ],
  },
  {
    "date": "2026-07-09",
    "menuItems": [
      {
        "category": "koudai_teishoku",
        "categoryLabel": "工大定食",
        "confidence": 0.9,
        "name": "茹で豚の ピリ辛しょうゆ &揚げギョーザ",
        "nameLines": [
          "茹で豚の",
          "ピリ辛しょうゆ",
          "&揚げギョーザ",
        ],
        "priceText": "<工大400>",
        "priceYen": 400,
        "warnings": [],
      },
      {
        "category": "koudai_teishoku",
        "categoryLabel": "工大定食",
        "confidence": 0.9,
        "name": "唐揚 マヨネーズ添え",
        "nameLines": [
          "唐揚",
          "マヨネーズ添え",
        ],
        "priceText": "<工大350>",
        "priceYen": 350,
        "warnings": [],
      },
      {
        "category": "koudai_teishoku",
        "categoryLabel": "工大定食",
        "confidence": 0.9,
        "name": "とりのトマトソース カレー風味",
        "nameLines": [
          "とりのトマトソース",
          "カレー風味",
        ],
        "priceText": "<工大350>",
        "priceYen": 350,
        "warnings": [],
      },
      {
        "category": "koudai_teishoku",
        "categoryLabel": "工大定食",
        "confidence": 0.9,
        "name": "ソースヒレカツ丼",
        "nameLines": [
          "ソースヒレカツ丼",
        ],
        "priceText": "<工大300>",
        "priceYen": 300,
        "warnings": [],
      },
      {
        "category": "asa_teishoku",
        "categoryLabel": "朝定食",
        "confidence": 0.9,
        "name": "とりの照焼き &コロッケ",
        "nameLines": [
          "とりの照焼き",
          "&コロッケ",
        ],
        "priceText": "¥300",
        "priceYen": 300,
        "warnings": [],
      },
      {
        "category": "higawari_salad",
        "categoryLabel": "日替りサラダ",
        "confidence": 0.9,
        "name": "ねぎチャーシュー",
        "nameLines": [
          "ねぎチャーシュー",
        ],
        "priceText": "¥150",
        "priceYen": 150,
        "warnings": [],
      },
      {
        "category": "gourmet_curry",
        "categoryLabel": "グルメカレー",
        "confidence": 0.9,
        "name": "ハムステーキ",
        "nameLines": [
          "ハムステーキ",
        ],
        "priceText": "¥350",
        "priceYen": 350,
        "warnings": [],
      },
      {
        "category": "men_corner",
        "categoryLabel": "日替りラーメン",
        "confidence": 0.9,
        "name": "塩とりそば",
        "nameLines": [
          "塩とりそば",
        ],
        "priceText": "¥400",
        "priceYen": 400,
        "warnings": [],
      },
      {
        "category": "men_corner",
        "categoryLabel": "ラーメン",
        "confidence": 0.9,
        "name": "とんこつ",
        "nameLines": [
          "とんこつ",
        ],
        "priceText": "ラーメン\\350",
        "priceYen": 350,
        "warnings": [
          "name_may_be_incomplete",
        ],
      },
      {
        "category": "keishoku_pasta",
        "categoryLabel": "今日のパスタ",
        "confidence": 0.9,
        "name": "レッドホット カルボナーラ",
        "nameLines": [
          "レッドホット",
          "カルボナーラ",
        ],
        "priceText": "¥300",
        "priceYen": 300,
        "warnings": [],
      },
      {
        "category": "yu_teishoku",
        "categoryLabel": "夕定食",
        "confidence": 0.9,
        "name": "ビビンバ丼",
        "nameLines": [
          "ビビンバ丼",
        ],
        "priceText": "¥300",
        "priceYen": 300,
        "warnings": [],
      },
    ],
    "menuText": {
      "lines": [
        "とりの照焼き",
        "&コロッケ",
        "<工大400>",
        "茹で豚の",
        "ピリ辛しょうゆ",
        "&揚げギョーザ",
        "<工大350>",
        "唐揚",
        "マヨネーズ添え",
        "<工大350>",
        "とりのトマトソース",
        "カレー風味",
        "<工大300>",
        "ソースヒレカツ丼",
        "ねぎチャーシュー",
        "ハムステーキ",
        "塩とりそば",
        "とんこつ",
        "レッドホット",
        "カルボナーラ",
        "ビビンバ丼",
        "00)",
        ": 00",
      ],
    },
    "parser": {
      "warnings": [
        "multi_block_layout_detected",
      ],
    },
    "status": "ok",
    "unassignedLines": [
      "00)",
      ": 00",
    ],
  },
  {
    "date": "2026-07-10",
    "menuItems": [
      {
        "category": "koudai_teishoku",
        "categoryLabel": "工大定食",
        "confidence": 0.9,
        "name": "温玉のせ 牛丼",
        "nameLines": [
          "温玉のせ",
          "牛丼",
        ],
        "priceText": "<工大400>",
        "priceYen": 400,
        "warnings": [],
      },
      {
        "category": "koudai_teishoku",
        "categoryLabel": "工大定食",
        "confidence": 0.9,
        "name": "唐揚ライス",
        "nameLines": [
          "唐揚ライス",
        ],
        "priceText": "<工大350>",
        "priceYen": 350,
        "warnings": [],
      },
      {
        "category": "koudai_teishoku",
        "categoryLabel": "工大定食",
        "confidence": 0.9,
        "name": "和とんかつ ポテトサラダ",
        "nameLines": [
          "和とんかつ",
          "ポテトサラダ",
        ],
        "priceText": "<工大350>",
        "priceYen": 350,
        "warnings": [],
      },
      {
        "category": "koudai_teishoku",
        "categoryLabel": "工大定食",
        "confidence": 0.9,
        "name": "ハンバーグ デミグラソース",
        "nameLines": [
          "ハンバーグ",
          "デミグラソース",
        ],
        "priceText": "<工大300>",
        "priceYen": 300,
        "warnings": [],
      },
      {
        "category": "asa_teishoku",
        "categoryLabel": "朝定食",
        "confidence": 0.9,
        "name": "とり天丼 サラダ",
        "nameLines": [
          "とり天丼",
          "サラダ",
        ],
        "priceText": "¥300",
        "priceYen": 300,
        "warnings": [],
      },
      {
        "category": "higawari_salad",
        "categoryLabel": "日替りサラダ",
        "confidence": 0.9,
        "name": "シーフードサラダ",
        "nameLines": [
          "シーフードサラダ",
        ],
        "priceText": "¥150",
        "priceYen": 150,
        "warnings": [],
      },
      {
        "category": "gourmet_curry",
        "categoryLabel": "グルメカレー",
        "confidence": 0.9,
        "name": "焼肉",
        "nameLines": [
          "焼肉",
        ],
        "priceText": "¥350",
        "priceYen": 350,
        "warnings": [],
      },
      {
        "category": "men_corner",
        "categoryLabel": "日替りラーメン",
        "confidence": 0.9,
        "name": "味噌バター",
        "nameLines": [
          "味噌バター",
        ],
        "priceText": "¥400",
        "priceYen": 400,
        "warnings": [],
      },
      {
        "category": "men_corner",
        "categoryLabel": "ラーメン",
        "confidence": 0.9,
        "name": "醤油",
        "nameLines": [
          "醤油",
        ],
        "priceText": "ラーメン\\350",
        "priceYen": 350,
        "warnings": [
          "name_may_be_incomplete",
        ],
      },
      {
        "category": "keishoku_pasta",
        "categoryLabel": "今日のパスタ",
        "confidence": 0.9,
        "name": "チャーシューと長葱の 和風パスタ",
        "nameLines": [
          "チャーシューと長葱の",
          "和風パスタ",
        ],
        "priceText": "¥300",
        "priceYen": 300,
        "warnings": [],
      },
      {
        "category": "yu_teishoku",
        "categoryLabel": "夕定食",
        "confidence": 0.9,
        "name": "ソースチキンカツ丼",
        "nameLines": [
          "ソースチキンカツ丼",
        ],
        "priceText": "¥300",
        "priceYen": 300,
        "warnings": [],
      },
    ],
    "menuText": {
      "lines": [
        "とり天丼",
        "サラダ",
        "<工大400>",
        "温玉のせ",
        "牛丼",
        "<工大350>",
        "唐揚ライス",
        "<工大350>",
        "和とんかつ",
        "ポテトサラダ",
        "<工大300>",
        "ハンバーグ",
        "デミグラソース",
        "シーフードサラダ",
        "焼肉",
        "味噌バター",
        "醤油",
        "チャーシューと長葱の",
        "和風パスタ",
        "ソースチキンカツ丼",
        "学食券の対応の為",
        "変則的なメニュー提供になります",
        "*CIT学食 で検索できます*",
        "http://www.cit-s.com/",
      ],
    },
    "parser": {
      "warnings": [
        "multi_block_layout_detected",
      ],
    },
    "status": "ok",
    "unassignedLines": [
      "学食券の対応の為",
      "変則的なメニュー提供になります",
      "*CIT学食 で検索できます*",
      "http://www.cit-s.com/",
    ],
  },
  {
    "date": "2026-07-11",
    "menuItems": [
      {
        "category": "koudai_teishoku",
        "categoryLabel": "工大定食",
        "confidence": 0.9,
        "name": "チキンカツ 粒マスタードソース",
        "nameLines": [
          "チキンカツ",
          "粒マスタードソース",
        ],
        "priceText": "<工大350>",
        "priceYen": 350,
        "warnings": [],
      },
      {
        "category": "koudai_teishoku",
        "categoryLabel": "工大定食",
        "confidence": 0.9,
        "name": "ピリ辛そぼろ丼",
        "nameLines": [
          "ピリ辛そぼろ丼",
        ],
        "priceText": "<工大300>",
        "priceYen": 300,
        "warnings": [],
      },
    ],
    "menuText": {
      "lines": [
        "<工大350>",
        "チキンカツ",
        "粒マスタードソース",
        "<工大300>",
        "ピリ辛そぼろ丼",
        "シー・アイ・ティ・サービス",
      ],
    },
    "parser": {
      "warnings": [
        "multi_block_layout_detected",
      ],
    },
    "status": "ok",
    "unassignedLines": [
      "シー・アイ・ティ・サービス",
    ],
  },
]
`;

exports[`parser output characterization snapshots > records current parser behavior for shinnarashino-1f-20260706 1`] = `
[
  {
    "date": "2026-07-06",
    "menuItems": [
      {
        "category": "asa_teishoku",
        "categoryLabel": "朝定食",
        "confidence": 0.9,
        "name": "れんこん 海老はさみ揚 カキフライ",
        "nameLines": [
          "れんこん",
          "海老はさみ揚",
          "カキフライ",
        ],
        "priceText": "¥400",
        "priceYen": 400,
        "warnings": [],
      },
      {
        "category": "gourmet_curry",
        "categoryLabel": "グルメカレー",
        "confidence": 0.9,
        "name": "ナゲット",
        "nameLines": [
          "ナゲット",
        ],
        "priceText": "¥ 350",
        "priceYen": 350,
        "warnings": [],
      },
      {
        "category": "unknown",
        "categoryLabel": null,
        "confidence": 0.6,
        "name": "天ぷらうどん・そば カレーうどん・そば",
        "nameLines": [
          "天ぷらうどん・そば",
          "カレーうどん・そば",
        ],
        "priceText": "¥300",
        "priceYen": 300,
        "warnings": [
          "category_unknown",
        ],
      },
      {
        "category": "unknown",
        "categoryLabel": null,
        "confidence": 0.6,
        "name": "ジャージャー麺",
        "nameLines": [
          "ジャージャー麺",
        ],
        "priceText": "¥400",
        "priceYen": 400,
        "warnings": [
          "category_unknown",
        ],
      },
      {
        "category": "unknown",
        "categoryLabel": null,
        "confidence": 0.6,
        "name": "温玉のせ 豚キムチ丼",
        "nameLines": [
          "温玉のせ",
          "豚キムチ丼",
        ],
        "priceText": null,
        "priceYen": null,
        "warnings": [
          "price_not_found",
          "category_unknown",
        ],
      },
      {
        "category": "unknown",
        "categoryLabel": null,
        "confidence": 0.6,
        "name": "朝食",
        "nameLines": [
          "朝食",
        ],
        "priceText": null,
        "priceYen": null,
        "warnings": [
          "price_not_found",
          "category_unknown",
        ],
      },
    ],
    "menuText": {
      "lines": [
        "れんこん",
        "海老はさみ揚",
        "¥400",
        "カキフライ",
        "温玉のせ",
        "豚キムチ丼",
        "ナゲット",
        "250",
        "¥300",
        "天ぷらうどん・そば",
        "カレーうどん・そば",
        "¥400",
        "ジャージャー麺",
        "大盛販売ありません",
        "5",
        "朝食",
      ],
    },
    "parser": {
      "warnings": [],
    },
    "status": "ok",
    "unassignedLines": [
      "250",
      "大盛販売ありません",
      "5",
    ],
  },
  {
    "date": "2026-07-07",
    "menuItems": [
      {
        "category": "asa_teishoku",
        "categoryLabel": "朝定食",
        "confidence": 0.9,
        "name": "肉シューマイ 白身フライ 野菜あんかけ",
        "nameLines": [
          "肉シューマイ",
          "白身フライ",
          "野菜あんかけ",
        ],
        "priceText": "¥ 300",
        "priceYen": 300,
        "warnings": [],
      },
      {
        "category": "gourmet_curry",
        "categoryLabel": "グルメカレー",
        "confidence": 0.9,
        "name": "唐揚",
        "nameLines": [
          "唐揚",
        ],
        "priceText": "¥ 350",
        "priceYen": 350,
        "warnings": [],
      },
      {
        "category": "unknown",
        "categoryLabel": null,
        "confidence": 0.6,
        "name": "冷し梅おろし うどん・そば",
        "nameLines": [
          "冷し梅おろし",
          "うどん・そば",
        ],
        "priceText": "¥350",
        "priceYen": 350,
        "warnings": [
          "category_unknown",
        ],
      },
      {
        "category": "unknown",
        "categoryLabel": null,
        "confidence": 0.6,
        "name": "正油ラーメン 味噌ラーメン",
        "nameLines": [
          "正油ラーメン",
          "味噌ラーメン",
        ],
        "priceText": "¥350",
        "priceYen": 350,
        "warnings": [
          "category_unknown",
        ],
      },
      {
        "category": "unknown",
        "categoryLabel": null,
        "confidence": 0.6,
        "name": "マーボー丼 & 春巻",
        "nameLines": [
          "マーボー丼",
          "&",
          "春巻",
        ],
        "priceText": null,
        "priceYen": null,
        "warnings": [
          "price_not_found",
          "category_unknown",
        ],
      },
    ],
    "menuText": {
      "lines": [
        "肉シューマイ",
        "白身フライ",
        "野菜あんかけ",
        "マーボー丼",
        "&",
        "春巻",
        "唐揚",
        "¥350",
        "冷し梅おろし",
        "うどん・そば",
        "¥350",
        "正油ラーメン",
        "味噌ラーメン",
        "0",
      ],
    },
    "parser": {
      "warnings": [],
    },
    "status": "ok",
    "unassignedLines": [
      "0",
    ],
  },
  {
    "date": "2026-07-08",
    "menuItems": [
      {
        "category": "asa_teishoku",
        "categoryLabel": "朝定食",
        "confidence": 0.9,
        "name": "つくね&コロッケ 生姜焼 オニオンソース",
        "nameLines": [
          "つくね&コロッケ",
          "生姜焼",
          "オニオンソース",
        ],
        "priceText": "¥ 300",
        "priceYen": 300,
        "warnings": [],
      },
      {
        "category": "gourmet_curry",
        "categoryLabel": "グルメカレー",
        "confidence": 0.9,
        "name": "焼肉 サラダ付カレー¥",
        "nameLines": [
          "焼肉",
          "サラダ付カレー¥",
        ],
        "priceText": "¥ 350",
        "priceYen": 350,
        "warnings": [],
      },
      {
        "category": "unknown",
        "categoryLabel": null,
        "confidence": 0.6,
        "name": "天ぷらうどん・そば カレーうどん・そば",
        "nameLines": [
          "天ぷらうどん・そば",
          "カレーうどん・そば",
        ],
        "priceText": "¥300",
        "priceYen": 300,
        "warnings": [
          "category_unknown",
        ],
      },
      {
        "category": "unknown",
        "categoryLabel": null,
        "confidence": 0.6,
        "name": "担々麺",
        "nameLines": [
          "担々麺",
        ],
        "priceText": "¥400",
        "priceYen": 400,
        "warnings": [
          "category_unknown",
        ],
      },
      {
        "category": "unknown",
        "categoryLabel": null,
        "confidence": 0.6,
        "name": "和風 チキンカツ丼",
        "nameLines": [
          "和風",
          "チキンカツ丼",
        ],
        "priceText": null,
        "priceYen": null,
        "warnings": [
          "price_not_found",
          "category_unknown",
        ],
      },
      {
        "category": "unknown",
        "categoryLabel": null,
        "confidence": 0.6,
        "name": "コロッケ¥5",
        "nameLines": [
          "コロッケ¥5",
        ],
        "priceText": null,
        "priceYen": null,
        "warnings": [
          "price_not_found",
          "category_unknown",
        ],
      },
      {
        "category": "unknown",
        "categoryLabel": null,
        "confidence": 0.6,
        "name": "(オーダーストップ",
        "nameLines": [
          "(オーダーストップ",
        ],
        "priceText": null,
        "priceYen": null,
        "warnings": [
          "price_not_found",
          "category_unknown",
        ],
      },
    ],
    "menuText": {
      "lines": [
        "つくね&コロッケ",
        "生姜焼",
        "オニオンソース",
        "和風",
        "チキンカツ丼",
        "焼肉",
        "サラダ付カレー¥",
        "¥300",
        "天ぷらうどん・そば",
        "カレーうどん・そば",
        "¥400",
        "担々麺",
        "コロッケ¥5",
        "営業時間",
        "(オーダーストップ",
      ],
    },
    "parser": {
      "warnings": [],
    },
    "status": "ok",
    "unassignedLines": [
      "営業時間",
    ],
  },
  {
    "date": "2026-07-09",
    "menuItems": [
      {
        "category": "asa_teishoku",
        "categoryLabel": "朝定食",
        "confidence": 0.9,
        "name": "さば塩焼 さば塩焼 おろしポン酢",
        "nameLines": [
          "さば塩焼",
          "さば塩焼",
          "おろしポン酢",
        ],
        "priceText": "¥ 300",
        "priceYen": 300,
        "warnings": [],
      },
      {
        "category": "gourmet_curry",
        "categoryLabel": "グルメカレー",
        "confidence": 0.9,
        "name": "ミニ串カツ",
        "nameLines": [
          "ミニ串カツ",
        ],
        "priceText": "¥ 350",
        "priceYen": 350,
        "warnings": [],
      },
      {
        "category": "unknown",
        "categoryLabel": null,
        "confidence": 0.6,
        "name": "温玉のせ 肉うどん・肉そば",
        "nameLines": [
          "温玉のせ",
          "肉うどん・肉そば",
        ],
        "priceText": "¥350",
        "priceYen": 350,
        "warnings": [
          "category_unknown",
        ],
      },
      {
        "category": "unknown",
        "categoryLabel": null,
        "confidence": 0.6,
        "name": "正油ラーメン 味噌ラーメン",
        "nameLines": [
          "正油ラーメン",
          "味噌ラーメン",
        ],
        "priceText": "¥350",
        "priceYen": 350,
        "warnings": [
          "category_unknown",
        ],
      },
      {
        "category": "unknown",
        "categoryLabel": null,
        "confidence": 0.6,
        "name": "唐揚丼",
        "nameLines": [
          "唐揚丼",
        ],
        "priceText": null,
        "priceYen": null,
        "warnings": [
          "price_not_found",
          "category_unknown",
        ],
      },
    ],
    "menuText": {
      "lines": [
        "都合によりメニューは変更する",
        "さば塩焼",
        "さば塩焼",
        "おろしポン酢",
        "唐揚丼",
        "ミニ串カツ",
        "300",
        "¥350",
        "温玉のせ",
        "肉うどん・肉そば",
        "¥350",
        "正油ラーメン",
        "味噌ラーメン",
        "0",
        "8:30",
        "10:30~",
      ],
    },
    "parser": {
      "warnings": [],
    },
    "status": "ok",
    "unassignedLines": [
      "都合によりメニューは変更する",
      "300",
      "0",
      "8:30",
      "10:30~",
    ],
  },
  {
    "date": "2026-07-10",
    "menuItems": [
      {
        "category": "asa_teishoku",
        "categoryLabel": "朝定食",
        "confidence": 0.9,
        "name": "豆腐野菜 ハンバーグ ヒレカツ",
        "nameLines": [
          "豆腐野菜",
          "ハンバーグ",
          "ヒレカツ",
        ],
        "priceText": "¥ 300",
        "priceYen": 300,
        "warnings": [],
      },
      {
        "category": "gourmet_curry",
        "categoryLabel": "グルメカレー",
        "confidence": 0.9,
        "name": "パリパリ餃子",
        "nameLines": [
          "パリパリ餃子",
        ],
        "priceText": "¥ 350",
        "priceYen": 350,
        "warnings": [],
      },
      {
        "category": "unknown",
        "categoryLabel": null,
        "confidence": 0.6,
        "name": "天ぷらうどん・そば カレーうどん・そば ラーメン販売 ありません",
        "nameLines": [
          "天ぷらうどん・そば",
          "カレーうどん・そば",
          "ラーメン販売",
          "ありません",
        ],
        "priceText": "¥300",
        "priceYen": 300,
        "warnings": [
          "category_unknown",
        ],
      },
      {
        "category": "unknown",
        "categoryLabel": null,
        "confidence": 0.6,
        "name": "ピラフ & チーズハンバーグ",
        "nameLines": [
          "ピラフ",
          "&",
          "チーズハンバーグ",
        ],
        "priceText": null,
        "priceYen": null,
        "warnings": [
          "price_not_found",
          "category_unknown",
        ],
      },
    ],
    "menuText": {
      "lines": [
        "都合により変更する場合が",
        "豆腐野菜",
        "ハンバーグ",
        "ヒレカツ",
        "10 :",
        "ピラフ",
        "&",
        "チーズハンバーグ",
        "パリパリ餃子",
        "¥300",
        "天ぷらうどん・そば",
        "カレーうどん・そば",
        "ラーメン販売",
        "ありません",
        "~",
        "19",
        "19 :",
        "10:30~14:00",
      ],
    },
    "parser": {
      "warnings": [],
    },
    "status": "ok",
    "unassignedLines": [
      "都合により変更する場合が",
      "10 :",
      "~",
      "19",
      "19 :",
      "10:30~14:00",
    ],
  },
  {
    "date": "2026-07-11",
    "menuItems": [
      {
        "category": "gourmet_curry",
        "categoryLabel": "グルメカレー",
        "confidence": 0.9,
        "name": "大盛カレー¥",
        "nameLines": [
          "大盛カレー¥",
        ],
        "priceText": "¥ 350",
        "priceYen": 350,
        "warnings": [],
      },
      {
        "category": "unknown",
        "categoryLabel": null,
        "confidence": 0.6,
        "name": "営業中",
        "nameLines": [
          "営業中",
        ],
        "priceText": null,
        "priceYen": null,
        "warnings": [
          "price_not_found",
          "category_unknown",
        ],
      },
      {
        "category": "unknown",
        "categoryLabel": null,
        "confidence": 0.6,
        "name": "サラダ¥",
        "nameLines": [
          "サラダ¥",
        ],
        "priceText": null,
        "priceYen": null,
        "warnings": [
          "price_not_found",
          "category_unknown",
        ],
      },
    ],
    "menuText": {
      "lines": [
        "30 ~ 14",
        "営業中",
        "大盛カレー¥",
        "サラダ¥",
        "9:30",
        ": 3",
        "00 )",
      ],
    },
    "parser": {
      "warnings": [],
    },
    "status": "ok",
    "unassignedLines": [
      "30 ~ 14",
      "9:30",
      ": 3",
      "00 )",
    ],
  },
]
`;

exports[`parser output characterization snapshots > records current parser behavior for shinnarashino-1f-single-block 1`] = `
[
  {
    "date": "2026-06-29",
    "menuItems": [
      {
        "category": "unknown",
        "categoryLabel": null,
        "confidence": 0.6,
        "name": "汁なし 坦々うどん",
        "nameLines": [
          "汁なし",
          "坦々うどん",
        ],
        "priceText": "¥350",
        "priceYen": 350,
        "warnings": [
          "category_unknown",
        ],
      },
      {
        "category": "unknown",
        "categoryLabel": null,
        "confidence": 0.6,
        "name": "正油ラーメン 味噌ラーメン",
        "nameLines": [
          "正油ラーメン",
          "味噌ラーメン",
        ],
        "priceText": "¥350",
        "priceYen": 350,
        "warnings": [
          "category_unknown",
        ],
      },
      {
        "category": "unknown",
        "categoryLabel": null,
        "confidence": 0.6,
        "name": "かにシューマイ",
        "nameLines": [
          "かにシューマイ",
        ],
        "priceText": null,
        "priceYen": null,
        "warnings": [
          "price_not_found",
          "category_unknown",
        ],
      },
      {
        "category": "unknown",
        "categoryLabel": null,
        "confidence": 0.6,
        "name": "スタミナ焼 & 牛肉コロッケ",
        "nameLines": [
          "スタミナ焼",
          "&",
          "牛肉コロッケ",
        ],
        "priceText": null,
        "priceYen": null,
        "warnings": [
          "price_not_found",
          "category_unknown",
        ],
      },
      {
        "category": "unknown",
        "categoryLabel": null,
        "confidence": 0.6,
        "name": "唐揚丼",
        "nameLines": [
          "唐揚丼",
        ],
        "priceText": null,
        "priceYen": null,
        "warnings": [
          "price_not_found",
          "category_unknown",
        ],
      },
      {
        "category": "unknown",
        "categoryLabel": null,
        "confidence": 0.6,
        "name": "肉揚げ餃子",
        "nameLines": [
          "肉揚げ餃子",
        ],
        "priceText": null,
        "priceYen": null,
        "warnings": [
          "price_not_found",
          "category_unknown",
        ],
      },
    ],
    "menuText": {
      "lines": [
        "かにシューマイ",
        "スタミナ焼",
        "&",
        "牛肉コロッケ",
        "唐揚丼",
        "肉揚げ餃子",
        "¥350",
        "汁なし",
        "坦々うどん",
        "大盛販売ありません",
        "¥350",
        "正油ラーメン",
        "味噌ラーメン",
      ],
    },
    "parser": {
      "warnings": [],
    },
    "status": "ok",
    "unassignedLines": [
      "大盛販売ありません",
    ],
  },
  {
    "date": "2026-06-30",
    "menuItems": [
      {
        "category": "unknown",
        "categoryLabel": null,
        "confidence": 0.6,
        "name": "プルコギ丼",
        "nameLines": [
          "プルコギ丼",
        ],
        "priceText": "¥400",
        "priceYen": 400,
        "warnings": [
          "category_unknown",
        ],
      },
      {
        "category": "unknown",
        "categoryLabel": null,
        "confidence": 0.6,
        "name": "天ぷらうどん・そば カレーうどん・そば",
        "nameLines": [
          "天ぷらうどん・そば",
          "カレーうどん・そば",
        ],
        "priceText": "¥300",
        "priceYen": 300,
        "warnings": [
          "category_unknown",
        ],
      },
      {
        "category": "unknown",
        "categoryLabel": null,
        "confidence": 0.6,
        "name": "台湾まぜそば",
        "nameLines": [
          "台湾まぜそば",
        ],
        "priceText": "¥400",
        "priceYen": 400,
        "warnings": [
          "category_unknown",
        ],
      },
      {
        "category": "unknown",
        "categoryLabel": null,
        "confidence": 0.6,
        "name": "ピーマン 肉詰めフライ",
        "nameLines": [
          "ピーマン",
          "肉詰めフライ",
        ],
        "priceText": null,
        "priceYen": null,
        "warnings": [
          "price_not_found",
          "category_unknown",
        ],
      },
      {
        "category": "unknown",
        "categoryLabel": null,
        "confidence": 0.6,
        "name": "ヒレカツ",
        "nameLines": [
          "ヒレカツ",
        ],
        "priceText": null,
        "priceYen": null,
        "warnings": [
          "price_not_found",
          "category_unknown",
        ],
      },
      {
        "category": "unknown",
        "categoryLabel": null,
        "confidence": 0.6,
        "name": "ピーマン 肉詰フライ",
        "nameLines": [
          "ピーマン",
          "肉詰フライ",
        ],
        "priceText": null,
        "priceYen": null,
        "warnings": [
          "price_not_found",
          "category_unknown",
        ],
      },
    ],
    "menuText": {
      "lines": [
        "ピーマン",
        "肉詰めフライ",
        "ヒレカツ",
        "¥400",
        "プルコギ丼",
        "ピーマン",
        "肉詰フライ",
        "¥300",
        "天ぷらうどん・そば",
        "カレーうどん・そば",
        "¥400",
        "台湾まぜそば",
        "大盛販売ありません",
      ],
    },
    "parser": {
      "warnings": [],
    },
    "status": "ok",
    "unassignedLines": [
      "大盛販売ありません",
    ],
  },
  {
    "date": "2026-07-01",
    "menuItems": [
      {
        "category": "unknown",
        "categoryLabel": null,
        "confidence": 0.6,
        "name": "明太釜玉 うどん",
        "nameLines": [
          "明太釜玉",
          "うどん",
        ],
        "priceText": "¥350",
        "priceYen": 350,
        "warnings": [
          "category_unknown",
        ],
      },
      {
        "category": "unknown",
        "categoryLabel": null,
        "confidence": 0.6,
        "name": "正油ラーメン 味噌ラーメン",
        "nameLines": [
          "正油ラーメン",
          "味噌ラーメン",
        ],
        "priceText": "¥350",
        "priceYen": 350,
        "warnings": [
          "category_unknown",
        ],
      },
      {
        "category": "unknown",
        "categoryLabel": null,
        "confidence": 0.6,
        "name": "餃子",
        "nameLines": [
          "餃子",
        ],
        "priceText": null,
        "priceYen": null,
        "warnings": [
          "price_not_found",
          "category_unknown",
        ],
      },
      {
        "category": "unknown",
        "categoryLabel": null,
        "confidence": 0.6,
        "name": "ミックスフライ",
        "nameLines": [
          "ミックスフライ",
        ],
        "priceText": null,
        "priceYen": null,
        "warnings": [
          "price_not_found",
          "category_unknown",
        ],
      },
      {
        "category": "unknown",
        "categoryLabel": null,
        "confidence": 0.6,
        "name": "チャーシュー入 チャーハン & 餃子のチリソース ササミチーズ",
        "nameLines": [
          "チャーシュー入",
          "チャーハン",
          "&",
          "餃子のチリソース",
          "ササミチーズ",
        ],
        "priceText": null,
        "priceYen": null,
        "warnings": [
          "price_not_found",
          "category_unknown",
        ],
      },
    ],
    "menuText": {
      "lines": [
        "餃子",
        "ミックスフライ",
        "チャーシュー入",
        "チャーハン",
        "&",
        "餃子のチリソース",
        "ササミチーズ",
        "¥350",
        "明太釜玉",
        "うどん",
        "大盛販売ありません",
        "¥350",
        "正油ラーメン",
        "味噌ラーメン",
      ],
    },
    "parser": {
      "warnings": [],
    },
    "status": "ok",
    "unassignedLines": [
      "大盛販売ありません",
    ],
  },
  {
    "date": "2026-07-02",
    "menuItems": [
      {
        "category": "unknown",
        "categoryLabel": null,
        "confidence": 0.6,
        "name": "天ぷら うどん・そば",
        "nameLines": [
          "天ぷら",
          "うどん・そば",
        ],
        "priceText": "¥300",
        "priceYen": 300,
        "warnings": [
          "category_unknown",
        ],
      },
      {
        "category": "unknown",
        "categoryLabel": null,
        "confidence": 0.6,
        "name": "冷し中華 (正油だれ)",
        "nameLines": [
          "冷し中華",
          "(正油だれ)",
        ],
        "priceText": "¥400",
        "priceYen": 400,
        "warnings": [
          "category_unknown",
        ],
      },
      {
        "category": "unknown",
        "categoryLabel": null,
        "confidence": 0.6,
        "name": "すき焼風コロッケ",
        "nameLines": [
          "すき焼風コロッケ",
        ],
        "priceText": null,
        "priceYen": null,
        "warnings": [
          "price_not_found",
          "category_unknown",
        ],
      },
      {
        "category": "unknown",
        "categoryLabel": null,
        "confidence": 0.6,
        "name": "和とんかつ & ポテトサラダ",
        "nameLines": [
          "和とんかつ",
          "&",
          "ポテトサラダ",
        ],
        "priceText": null,
        "priceYen": null,
        "warnings": [
          "price_not_found",
          "category_unknown",
        ],
      },
      {
        "category": "unknown",
        "categoryLabel": null,
        "confidence": 0.6,
        "name": "シーフード ピラフ & チキンカツ グリルチキン ぺペロンチーノ",
        "nameLines": [
          "シーフード",
          "ピラフ",
          "&",
          "チキンカツ",
          "グリルチキン",
          "ぺペロンチーノ",
        ],
        "priceText": null,
        "priceYen": null,
        "warnings": [
          "price_not_found",
          "category_unknown",
        ],
      },
    ],
    "menuText": {
      "lines": [
        "すき焼風コロッケ",
        "和とんかつ",
        "&",
        "ポテトサラダ",
        "シーフード",
        "ピラフ",
        "&",
        "チキンカツ",
        "グリルチキン",
        "ぺペロンチーノ",
        "¥300",
        "天ぷら",
        "うどん・そば",
        "¥400",
        "冷し中華",
        "(正油だれ)",
        "大盛販売ありません",
      ],
    },
    "parser": {
      "warnings": [],
    },
    "status": "ok",
    "unassignedLines": [
      "大盛販売ありません",
    ],
  },
  {
    "date": "2026-07-03",
    "menuItems": [
      {
        "category": "unknown",
        "categoryLabel": null,
        "confidence": 0.6,
        "name": "冷し唐揚げおろし うどん・そば",
        "nameLines": [
          "冷し唐揚げおろし",
          "うどん・そば",
        ],
        "priceText": "¥350",
        "priceYen": 350,
        "warnings": [
          "category_unknown",
        ],
      },
      {
        "category": "unknown",
        "categoryLabel": null,
        "confidence": 0.6,
        "name": "正油ラーメン 味噌ラーメン",
        "nameLines": [
          "正油ラーメン",
          "味噌ラーメン",
        ],
        "priceText": "¥350",
        "priceYen": 350,
        "warnings": [
          "category_unknown",
        ],
      },
      {
        "category": "unknown",
        "categoryLabel": null,
        "confidence": 0.6,
        "name": "いわしフライ",
        "nameLines": [
          "いわしフライ",
        ],
        "priceText": null,
        "priceYen": null,
        "warnings": [
          "price_not_found",
          "category_unknown",
        ],
      },
      {
        "category": "unknown",
        "categoryLabel": null,
        "confidence": 0.6,
        "name": "イタリアン ハンバーグ",
        "nameLines": [
          "イタリアン",
          "ハンバーグ",
        ],
        "priceText": null,
        "priceYen": null,
        "warnings": [
          "price_not_found",
          "category_unknown",
        ],
      },
      {
        "category": "unknown",
        "categoryLabel": null,
        "confidence": 0.6,
        "name": "韓国風そぼろ丼",
        "nameLines": [
          "韓国風そぼろ丼",
        ],
        "priceText": null,
        "priceYen": null,
        "warnings": [
          "price_not_found",
          "category_unknown",
        ],
      },
      {
        "category": "unknown",
        "categoryLabel": null,
        "confidence": 0.6,
        "name": "ハムカツ",
        "nameLines": [
          "ハムカツ",
        ],
        "priceText": null,
        "priceYen": null,
        "warnings": [
          "price_not_found",
          "category_unknown",
        ],
      },
    ],
    "menuText": {
      "lines": [
        "いわしフライ",
        "イタリアン",
        "ハンバーグ",
        "韓国風そぼろ丼",
        "ハムカツ",
        "¥350",
        "冷し唐揚げおろし",
        "うどん・そば",
        "¥350",
        "正油ラーメン",
        "味噌ラーメン",
      ],
    },
    "parser": {
      "warnings": [],
    },
    "status": "ok",
    "unassignedLines": [],
  },
  {
    "date": "2026-07-04",
    "menuItems": [],
    "menuText": {
      "lines": [],
    },
    "parser": {
      "warnings": [],
    },
    "status": "not_published",
    "unassignedLines": [],
  },
]
`;

exports[`parser output characterization snapshots > records current parser behavior for shinnarashino-2f-20260706 1`] = `
[
  {
    "date": "2026-07-06",
    "menuItems": [
      {
        "category": "unknown",
        "categoryLabel": null,
        "confidence": 0.6,
        "name": "タコライス",
        "nameLines": [
          "タコライス",
        ],
        "priceText": "¥350",
        "priceYen": 350,
        "warnings": [
          "category_unknown",
        ],
      },
      {
        "category": "unknown",
        "categoryLabel": null,
        "confidence": 0.6,
        "name": "ササミチーズ",
        "nameLines": [
          "ササミチーズ",
        ],
        "priceText": "¥350",
        "priceYen": 350,
        "warnings": [
          "category_unknown",
        ],
      },
      {
        "category": "unknown",
        "categoryLabel": null,
        "confidence": 0.6,
        "name": "ナポリタン",
        "nameLines": [
          "ナポリタン",
        ],
        "priceText": "¥350",
        "priceYen": 350,
        "warnings": [
          "category_unknown",
        ],
      },
      {
        "category": "unknown",
        "categoryLabel": null,
        "confidence": 0.6,
        "name": "ライス¥ ライス(小)¥",
        "nameLines": [
          "ライス¥",
          "ライス(小)¥",
        ],
        "priceText": null,
        "priceYen": null,
        "warnings": [
          "price_not_found",
          "category_unknown",
        ],
      },
    ],
    "menuText": {
      "lines": [
        "タコライス",
        "¥350",
        "ササミチーズ",
        "¥350",
        "ナポリタン",
        "¥350",
        "ライス¥",
        "ライス(小)¥",
      ],
    },
    "parser": {
      "warnings": [],
    },
    "status": "ok",
    "unassignedLines": [],
  },
  {
    "date": "2026-07-07",
    "menuItems": [
      {
        "category": "unknown",
        "categoryLabel": null,
        "confidence": 0.6,
        "name": "旨辛チキン丼",
        "nameLines": [
          "旨辛チキン丼",
        ],
        "priceText": "¥400",
        "priceYen": 400,
        "warnings": [
          "category_unknown",
        ],
      },
      {
        "category": "unknown",
        "categoryLabel": null,
        "confidence": 0.6,
        "name": "キーマカレー",
        "nameLines": [
          "キーマカレー",
        ],
        "priceText": "¥350",
        "priceYen": 350,
        "warnings": [
          "category_unknown",
        ],
      },
      {
        "category": "unknown",
        "categoryLabel": null,
        "confidence": 0.6,
        "name": "トマトクリーム",
        "nameLines": [
          "トマトクリーム",
        ],
        "priceText": "¥350",
        "priceYen": 350,
        "warnings": [
          "category_unknown",
        ],
      },
      {
        "category": "unknown",
        "categoryLabel": null,
        "confidence": 0.6,
        "name": "ホームパン¥",
        "nameLines": [
          "ホームパン¥",
        ],
        "priceText": null,
        "priceYen": null,
        "warnings": [
          "price_not_found",
          "category_unknown",
        ],
      },
      {
        "category": "unknown",
        "categoryLabel": null,
        "confidence": 0.6,
        "name": "2F食堂",
        "nameLines": [
          "2F食堂",
        ],
        "priceText": null,
        "priceYen": null,
        "warnings": [
          "price_not_found",
          "category_unknown",
        ],
      },
    ],
    "menuText": {
      "lines": [
        "旨辛チキン丼",
        "¥400",
        "キーマカレー",
        "¥350",
        "トマトクリーム",
        "¥350",
        "100",
        "50",
        "ホームパン¥",
        "2F食堂",
      ],
    },
    "parser": {
      "warnings": [],
    },
    "status": "ok",
    "unassignedLines": [
      "100",
      "50",
    ],
  },
  {
    "date": "2026-07-08",
    "menuItems": [],
    "menuText": {
      "lines": [
        "鶏肉飯風",
        "¥350",
        "ケイジャンチキン",
        "¥350",
        "カルボナーラ",
        "¥350",
        "きんぴら¥",
        "ミニサラダ¥",
        "120",
        "営業時間",
        "10:30~14:00",
        "土曜日休業",
      ],
    },
    "parser": {
      "warnings": [],
    },
    "status": "closed",
    "unassignedLines": [
      "鶏肉飯風",
      "¥350",
      "ケイジャンチキン",
      "¥350",
      "カルボナーラ",
      "¥350",
      "きんぴら¥",
      "ミニサラダ¥",
      "120",
      "営業時間",
      "10:30~14:00",
      "土曜日休業",
    ],
  },
  {
    "date": "2026-07-09",
    "menuItems": [
      {
        "category": "unknown",
        "categoryLabel": null,
        "confidence": 0.6,
        "name": "陳さんの 青椒肉絲丼",
        "nameLines": [
          "陳さんの",
          "青椒肉絲丼",
        ],
        "priceText": "¥350",
        "priceYen": 350,
        "warnings": [
          "category_unknown",
        ],
      },
      {
        "category": "unknown",
        "categoryLabel": null,
        "confidence": 0.6,
        "name": "牛すじ",
        "nameLines": [
          "牛すじ",
        ],
        "priceText": "¥400",
        "priceYen": 400,
        "warnings": [
          "category_unknown",
        ],
      },
      {
        "category": "unknown",
        "categoryLabel": null,
        "confidence": 0.6,
        "name": "和風クリーム",
        "nameLines": [
          "和風クリーム",
        ],
        "priceText": "¥400",
        "priceYen": 400,
        "warnings": [
          "category_unknown",
        ],
      },
      {
        "category": "unknown",
        "categoryLabel": null,
        "confidence": 0.6,
        "name": "スイーツ¥",
        "nameLines": [
          "スイーツ¥",
        ],
        "priceText": null,
        "priceYen": null,
        "warnings": [
          "price_not_found",
          "category_unknown",
        ],
      },
    ],
    "menuText": {
      "lines": [
        "陳さんの",
        "青椒肉絲丼",
        "¥350",
        "牛すじ",
        "¥400",
        "和風クリーム",
        "¥400",
        "50",
        "50",
        "スイーツ¥",
      ],
    },
    "parser": {
      "warnings": [],
    },
    "status": "ok",
    "unassignedLines": [
      "50",
      "50",
    ],
  },
]
`;

exports[`parser output characterization snapshots > records current parser behavior for shinnarashino-2f-single-block 1`] = `
[
  {
    "date": "2026-06-29",
    "menuItems": [
      {
        "category": "unknown",
        "categoryLabel": null,
        "confidence": 0.6,
        "name": "ネギトロユッケ丼",
        "nameLines": [
          "ネギトロユッケ丼",
        ],
        "priceText": "¥400",
        "priceYen": 400,
        "warnings": [
          "category_unknown",
        ],
      },
      {
        "category": "unknown",
        "categoryLabel": null,
        "confidence": 0.6,
        "name": "5種の チーズフライ",
        "nameLines": [
          "5種の",
          "チーズフライ",
        ],
        "priceText": "¥350",
        "priceYen": 350,
        "warnings": [
          "category_unknown",
        ],
      },
      {
        "category": "unknown",
        "categoryLabel": null,
        "confidence": 0.6,
        "name": "カルボナーラ",
        "nameLines": [
          "カルボナーラ",
        ],
        "priceText": "¥350",
        "priceYen": 350,
        "warnings": [
          "category_unknown",
        ],
      },
    ],
    "menuText": {
      "lines": [
        "ネギトロユッケ丼",
        "¥400",
        "5種の",
        "チーズフライ",
        "¥350",
        "カルボナーラ",
        "¥350",
      ],
    },
    "parser": {
      "warnings": [],
    },
    "status": "ok",
    "unassignedLines": [],
  },
  {
    "date": "2026-06-30",
    "menuItems": [
      {
        "category": "unknown",
        "categoryLabel": null,
        "confidence": 0.6,
        "name": "陳さんの 豚肉と春雨の ピリ辛丼",
        "nameLines": [
          "陳さんの",
          "豚肉と春雨の",
          "ピリ辛丼",
        ],
        "priceText": "¥350",
        "priceYen": 350,
        "warnings": [
          "category_unknown",
        ],
      },
      {
        "category": "unknown",
        "categoryLabel": null,
        "confidence": 0.6,
        "name": "ガリバタ チキンステーキ",
        "nameLines": [
          "ガリバタ",
          "チキンステーキ",
        ],
        "priceText": "¥350",
        "priceYen": 350,
        "warnings": [
          "category_unknown",
        ],
      },
      {
        "category": "unknown",
        "categoryLabel": null,
        "confidence": 0.6,
        "name": "ボロネーゼ",
        "nameLines": [
          "ボロネーゼ",
        ],
        "priceText": "¥400",
        "priceYen": 400,
        "warnings": [
          "category_unknown",
        ],
      },
    ],
    "menuText": {
      "lines": [
        "陳さんの",
        "豚肉と春雨の",
        "ピリ辛丼",
        "¥350",
        "ガリバタ",
        "チキンステーキ",
        "¥350",
        "ボロネーゼ",
        "¥400",
      ],
    },
    "parser": {
      "warnings": [],
    },
    "status": "ok",
    "unassignedLines": [],
  },
  {
    "date": "2026-07-01",
    "menuItems": [
      {
        "category": "unknown",
        "categoryLabel": null,
        "confidence": 0.6,
        "name": "ヤンニョム カルビ丼",
        "nameLines": [
          "ヤンニョム",
          "カルビ丼",
        ],
        "priceText": "¥400",
        "priceYen": 400,
        "warnings": [
          "category_unknown",
        ],
      },
      {
        "category": "unknown",
        "categoryLabel": null,
        "confidence": 0.6,
        "name": "唐揚",
        "nameLines": [
          "唐揚",
        ],
        "priceText": "¥350",
        "priceYen": 350,
        "warnings": [
          "category_unknown",
        ],
      },
      {
        "category": "unknown",
        "categoryLabel": null,
        "confidence": 0.6,
        "name": "キャベツとしらすの ペペロンチーノ",
        "nameLines": [
          "キャベツとしらすの",
          "ペペロンチーノ",
        ],
        "priceText": "¥400",
        "priceYen": 400,
        "warnings": [
          "category_unknown",
        ],
      },
    ],
    "menuText": {
      "lines": [
        "ヤンニョム",
        "カルビ丼",
        "¥400",
        "唐揚",
        "¥350",
        "キャベツとしらすの",
        "ペペロンチーノ",
        "¥400",
      ],
    },
    "parser": {
      "warnings": [],
    },
    "status": "ok",
    "unassignedLines": [],
  },
  {
    "date": "2026-07-02",
    "menuItems": [
      {
        "category": "unknown",
        "categoryLabel": null,
        "confidence": 0.6,
        "name": "ねぎ塩 豚しゃぶ丼",
        "nameLines": [
          "ねぎ塩",
          "豚しゃぶ丼",
        ],
        "priceText": "¥400",
        "priceYen": 400,
        "warnings": [
          "category_unknown",
        ],
      },
      {
        "category": "unknown",
        "categoryLabel": null,
        "confidence": 0.6,
        "name": "ポークビーンズ",
        "nameLines": [
          "ポークビーンズ",
        ],
        "priceText": "¥350",
        "priceYen": 350,
        "warnings": [
          "category_unknown",
        ],
      },
      {
        "category": "unknown",
        "categoryLabel": null,
        "confidence": 0.6,
        "name": "陳さんの 海老鶏そば",
        "nameLines": [
          "陳さんの",
          "海老鶏そば",
        ],
        "priceText": "¥400",
        "priceYen": 400,
        "warnings": [
          "category_unknown",
        ],
      },
    ],
    "menuText": {
      "lines": [
        "ねぎ塩",
        "豚しゃぶ丼",
        "¥400",
        "ポークビーンズ",
        "¥350",
        "陳さんの",
        "海老鶏そば",
        "¥400",
      ],
    },
    "parser": {
      "warnings": [],
    },
    "status": "ok",
    "unassignedLines": [],
  },
  {
    "date": "2026-07-03",
    "menuItems": [
      {
        "category": "unknown",
        "categoryLabel": null,
        "confidence": 0.6,
        "name": "カツ丼",
        "nameLines": [
          "カツ丼",
        ],
        "priceText": "¥350",
        "priceYen": 350,
        "warnings": [
          "category_unknown",
        ],
      },
      {
        "category": "unknown",
        "categoryLabel": null,
        "confidence": 0.6,
        "name": "オムハヤシ",
        "nameLines": [
          "オムハヤシ",
        ],
        "priceText": "¥400",
        "priceYen": 400,
        "warnings": [
          "category_unknown",
        ],
      },
      {
        "category": "unknown",
        "categoryLabel": null,
        "confidence": 0.6,
        "name": "バジル",
        "nameLines": [
          "バジル",
        ],
        "priceText": "¥400",
        "priceYen": 400,
        "warnings": [
          "category_unknown",
        ],
      },
    ],
    "menuText": {
      "lines": [
        "カツ丼",
        "¥350",
        "オムハヤシ",
        "¥400",
        "バジル",
        "¥400",
      ],
    },
    "parser": {
      "warnings": [],
    },
    "status": "ok",
    "unassignedLines": [],
  },
]
`;
